Archive member included to satisfy reference by file (symbol)

libopencm3/lib/libopencm3_stm32f4.a(gpio_common_f0234.o)
                              /tmp/ccL3zm19.o (gpio_mode_setup)
libopencm3/lib/libopencm3_stm32f4.a(rcc_common_all.o)
                              /tmp/ccQqRDzl.o (rcc_periph_clock_enable)
libopencm3/lib/libopencm3_stm32f4.a(usart_common_all.o)
                              /tmp/ccfeoShc.o (usart_set_baudrate)
libopencm3/lib/libopencm3_stm32f4.a(usart_common_f124.o)
                              libopencm3/lib/libopencm3_stm32f4.a(usart_common_all.o) (usart_send)
libopencm3/lib/libopencm3_stm32f4.a(vector.o)
                              (reset_handler)
libopencm3/lib/libopencm3_stm32f4.a(rcc.o)
                              libopencm3/lib/libopencm3_stm32f4.a(usart_common_all.o) (rcc_get_usart_clk_freq)
libopencm3/lib/libopencm3_stm32f4.a(flash_common_all.o)
                              libopencm3/lib/libopencm3_stm32f4.a(rcc.o) (flash_set_ws)
libopencm3/lib/libopencm3_stm32f4.a(flash_common_idcache.o)
                              libopencm3/lib/libopencm3_stm32f4.a(rcc.o) (flash_dcache_enable)
libopencm3/lib/libopencm3_stm32f4.a(pwr.o)
                              libopencm3/lib/libopencm3_stm32f4.a(rcc.o) (pwr_set_vos_scale)
/usr/lib/gcc/arm-none-eabi/10.3.1/../../../arm-none-eabi/lib/thumb/v7e-m+fp/hard/libg_nano.a(lib_a-errno.o)
                              /tmp/ccAf0XvI.o (__errno)
/usr/lib/gcc/arm-none-eabi/10.3.1/../../../arm-none-eabi/lib/thumb/v7e-m+fp/hard/libg_nano.a(lib_a-impure.o)
                              /usr/lib/gcc/arm-none-eabi/10.3.1/../../../arm-none-eabi/lib/thumb/v7e-m+fp/hard/libg_nano.a(lib_a-errno.o) (_impure_ptr)
/usr/lib/gcc/arm-none-eabi/10.3.1/../../../arm-none-eabi/lib/thumb/v7e-m+fp/hard/libg_nano.a(lib_a-memset.o)
                              /tmp/ccvJLxc1.o (memset)
/usr/lib/gcc/arm-none-eabi/10.3.1/../../../arm-none-eabi/lib/thumb/v7e-m+fp/hard/libg_nano.a(lib_a-puts.o)
                              /tmp/ccsNpUaN.o (puts)
/usr/lib/gcc/arm-none-eabi/10.3.1/../../../arm-none-eabi/lib/thumb/v7e-m+fp/hard/libg_nano.a(lib_a-snprintf.o)
                              /tmp/cc3sdho6.o (snprintf)
/usr/lib/gcc/arm-none-eabi/10.3.1/../../../arm-none-eabi/lib/thumb/v7e-m+fp/hard/libg_nano.a(lib_a-strcmp.o)
                              /tmp/ccvJLxc1.o (strcmp)
/usr/lib/gcc/arm-none-eabi/10.3.1/../../../arm-none-eabi/lib/thumb/v7e-m+fp/hard/libg_nano.a(lib_a-wbuf.o)
                              /usr/lib/gcc/arm-none-eabi/10.3.1/../../../arm-none-eabi/lib/thumb/v7e-m+fp/hard/libg_nano.a(lib_a-puts.o) (__swbuf_r)
/usr/lib/gcc/arm-none-eabi/10.3.1/../../../arm-none-eabi/lib/thumb/v7e-m+fp/hard/libg_nano.a(lib_a-wsetup.o)
                              /usr/lib/gcc/arm-none-eabi/10.3.1/../../../arm-none-eabi/lib/thumb/v7e-m+fp/hard/libg_nano.a(lib_a-puts.o) (__swsetup_r)
/usr/lib/gcc/arm-none-eabi/10.3.1/../../../arm-none-eabi/lib/thumb/v7e-m+fp/hard/libg_nano.a(lib_a-fflush.o)
                              /usr/lib/gcc/arm-none-eabi/10.3.1/../../../arm-none-eabi/lib/thumb/v7e-m+fp/hard/libg_nano.a(lib_a-wbuf.o) (_fflush_r)
/usr/lib/gcc/arm-none-eabi/10.3.1/../../../arm-none-eabi/lib/thumb/v7e-m+fp/hard/libg_nano.a(lib_a-findfp.o)
                              /usr/lib/gcc/arm-none-eabi/10.3.1/../../../arm-none-eabi/lib/thumb/v7e-m+fp/hard/libg_nano.a(lib_a-puts.o) (__sinit)
/usr/lib/gcc/arm-none-eabi/10.3.1/../../../arm-none-eabi/lib/thumb/v7e-m+fp/hard/libg_nano.a(lib_a-fwalk.o)
                              /usr/lib/gcc/arm-none-eabi/10.3.1/../../../arm-none-eabi/lib/thumb/v7e-m+fp/hard/libg_nano.a(lib_a-findfp.o) (_fwalk)
/usr/lib/gcc/arm-none-eabi/10.3.1/../../../arm-none-eabi/lib/thumb/v7e-m+fp/hard/libg_nano.a(lib_a-makebuf.o)
                              /usr/lib/gcc/arm-none-eabi/10.3.1/../../../arm-none-eabi/lib/thumb/v7e-m+fp/hard/libg_nano.a(lib_a-wsetup.o) (__smakebuf_r)
/usr/lib/gcc/arm-none-eabi/10.3.1/../../../arm-none-eabi/lib/thumb/v7e-m+fp/hard/libg_nano.a(lib_a-nano-freer.o)
                              /usr/lib/gcc/arm-none-eabi/10.3.1/../../../arm-none-eabi/lib/thumb/v7e-m+fp/hard/libg_nano.a(lib_a-wsetup.o) (_free_r)
/usr/lib/gcc/arm-none-eabi/10.3.1/../../../arm-none-eabi/lib/thumb/v7e-m+fp/hard/libg_nano.a(lib_a-nano-mallocr.o)
                              /usr/lib/gcc/arm-none-eabi/10.3.1/../../../arm-none-eabi/lib/thumb/v7e-m+fp/hard/libg_nano.a(lib_a-findfp.o) (_malloc_r)
/usr/lib/gcc/arm-none-eabi/10.3.1/../../../arm-none-eabi/lib/thumb/v7e-m+fp/hard/libg_nano.a(lib_a-nano-svfprintf.o)
                              /usr/lib/gcc/arm-none-eabi/10.3.1/../../../arm-none-eabi/lib/thumb/v7e-m+fp/hard/libg_nano.a(lib_a-snprintf.o) (_svfprintf_r)
/usr/lib/gcc/arm-none-eabi/10.3.1/../../../arm-none-eabi/lib/thumb/v7e-m+fp/hard/libg_nano.a(lib_a-nano-vfprintf_i.o)
                              /usr/lib/gcc/arm-none-eabi/10.3.1/../../../arm-none-eabi/lib/thumb/v7e-m+fp/hard/libg_nano.a(lib_a-nano-svfprintf.o) (_printf_i)
[...]
Memory Configuration

Name             Origin             Length             Attributes
ram              0x0000000020000000 0x0000000000010000 xrw
coredump         0x0000000020010000 0x0000000000014000 xrw
reboot           0x0000000020024000 0x0000000000000400 xrw
rom              0x0000000008000000 0x0000000000100000 xr
*default*        0x0000000000000000 0xffffffffffffffff

Linker script and memory map

START GROUP
LOAD /usr/lib/gcc/arm-none-eabi/10.3.1/../../../arm-none-eabi/lib/thumb/v7e-m+fp/hard/libc_nano.a
LOAD /usr/lib/gcc/arm-none-eabi/10.3.1/thumb/v7e-m+fp/hard/libgcc.a
LOAD /usr/lib/gcc/arm-none-eabi/10.3.1/../../../arm-none-eabi/lib/thumb/v7e-m+fp/hard/libnosys.a
END GROUP
LOAD /tmp/ccsNpUaN.o
LOAD /tmp/cc3sdho6.o
LOAD /tmp/ccvJLxc1.o
LOAD /tmp/ccQqRDzl.o
LOAD /tmp/ccL3zm19.o
LOAD /tmp/ccfeoShc.o
LOAD /tmp/ccAf0XvI.o
LOAD libopencm3/lib/libopencm3_stm32f4.a
START GROUP
LOAD /usr/lib/gcc/arm-none-eabi/10.3.1/thumb/v7e-m+fp/hard/libgcc.a
LOAD /usr/lib/gcc/arm-none-eabi/10.3.1/../../../arm-none-eabi/lib/thumb/v7e-m+fp/hard/libg_nano.a
LOAD /usr/lib/gcc/arm-none-eabi/10.3.1/../../../arm-none-eabi/lib/thumb/v7e-m+fp/hard/libc_nano.a
END GROUP
START GROUP
LOAD /usr/lib/gcc/arm-none-eabi/10.3.1/thumb/v7e-m+fp/hard/libgcc.a
LOAD /usr/lib/gcc/arm-none-eabi/10.3.1/../../../arm-none-eabi/lib/thumb/v7e-m+fp/hard/libc_nano.a
END GROUP
                0x0000000000000000                . = ALIGN (0x80)

.text           0x0000000008000000     0x349c
 *(.vectors)
 .vectors       0x0000000008000000      0x1ac libopencm3/lib/libopencm3_stm32f4.a(vector.o)
                0x0000000008000000                vector_table
 *(.text*)
 .text          0x00000000080001ac        0x0 /tmp/ccsNpUaN.o
 .text.main     0x00000000080001ac       0x40 /tmp/ccsNpUaN.o
                0x00000000080001ac                main
 .text          0x00000000080001ec        0x0 /tmp/cc3sdho6.o
 .text.cli_command_ping
                0x00000000080001ec       0x20 /tmp/cc3sdho6.o
                0x00000000080001ec                cli_command_ping
 .text.cli_command_greet
                0x000000000800020c       0x34 /tmp/cc3sdho6.o
                0x000000000800020c                cli_command_greet
 .text.cli_command_fault
                0x0000000008000240       0x20 /tmp/cc3sdho6.o
                0x0000000008000240                cli_command_fault
 .text.cli_command_heap_free
                0x0000000008000260       0x30 /tmp/cc3sdho6.o
                0x0000000008000260                cli_command_heap_free
 .text          0x0000000008000290        0x0 /tmp/ccvJLxc1.o
 .text.prv_booted
                0x0000000008000290       0x20 /tmp/ccvJLxc1.o
 .text.prv_send_char
                0x00000000080002b0       0x34 /tmp/ccvJLxc1.o
 .text.prv_echo
                0x00000000080002e4       0x4e /tmp/ccvJLxc1.o
 *fill*         0x0000000008000332        0x2 
 .text.prv_last_char
                0x0000000008000334       0x20 /tmp/ccvJLxc1.o
 .text.prv_is_rx_buffer_full
                0x0000000008000354       0x20 /tmp/ccvJLxc1.o
 .text.prv_reset_rx_buffer
                0x0000000008000374       0x24 /tmp/ccvJLxc1.o
 .text.prv_echo_str
                0x0000000008000398       0x30 /tmp/ccvJLxc1.o
 .text.prv_send_prompt
                0x00000000080003c8       0x14 /tmp/ccvJLxc1.o
 .text.prv_find_command
                0x00000000080003dc       0x58 /tmp/ccvJLxc1.o
 .text.prv_process
                0x0000000008000434      0x110 /tmp/ccvJLxc1.o
 .text.shell_boot
                0x0000000008000544       0x2c /tmp/ccvJLxc1.o
                0x0000000008000544                shell_boot
 .text.shell_receive_char
                0x0000000008000570       0x8c /tmp/ccvJLxc1.o
                0x0000000008000570                shell_receive_char
 .text.shell_put_line
                0x00000000080005fc       0x1c /tmp/ccvJLxc1.o
                0x00000000080005fc                shell_put_line
 .text.shell_help_handler
                0x0000000008000618       0x68 /tmp/ccvJLxc1.o
                0x0000000008000618                shell_help_handler
 .text          0x0000000008000680        0x0 /tmp/ccQqRDzl.o
 .text.clock_setup
                0x0000000008000680       0x20 /tmp/ccQqRDzl.o
                0x0000000008000680                clock_setup
 .text          0x00000000080006a0        0x0 /tmp/ccL3zm19.o
 .text.gpio_setup
                0x00000000080006a0       0x34 /tmp/ccL3zm19.o
                0x00000000080006a0                gpio_setup
 .text          0x00000000080006d4        0x0 /tmp/ccfeoShc.o
 .text.usart_setup
                0x00000000080006d4       0x44 /tmp/ccfeoShc.o
                0x00000000080006d4                usart_setup
 .text.usart_teardown
                0x0000000008000718       0x14 /tmp/ccfeoShc.o
                0x0000000008000718                usart_teardown
 .text.usart_putc
                0x000000000800072c       0x24 /tmp/ccfeoShc.o
                0x000000000800072c                usart_putc
 .text.usart_getc
                0x0000000008000750       0x20 /tmp/ccfeoShc.o
                0x0000000008000750                usart_getc
 .text          0x0000000008000770        0x0 /tmp/ccAf0XvI.o
 .text._sbrk    0x0000000008000770       0x40 /tmp/ccAf0XvI.o
                0x0000000008000770                _sbrk
 .text._close   0x00000000080007b0       0x18 /tmp/ccAf0XvI.o
                0x00000000080007b0                _close
 .text._fstat   0x00000000080007c8       0x20 /tmp/ccAf0XvI.o
                0x00000000080007c8                _fstat
 .text._isatty  0x00000000080007e8       0x16 /tmp/ccAf0XvI.o
                0x00000000080007e8                _isatty
 .text._lseek   0x00000000080007fe       0x1a /tmp/ccAf0XvI.o
                0x00000000080007fe                _lseek
 .text._exit    0x0000000008000818        0xc /tmp/ccAf0XvI.o
                0x0000000008000818                _exit
 .text._kill    0x0000000008000824       0x16 /tmp/ccAf0XvI.o
                0x0000000008000824                _kill
 .text._getpid  0x000000000800083a       0x12 /tmp/ccAf0XvI.o
                0x000000000800083a                _getpid
 .text._write   0x000000000800084c       0x70 /tmp/ccAf0XvI.o
                0x000000000800084c                _write
 .text._read    0x00000000080008bc       0x1c /tmp/ccAf0XvI.o
                0x00000000080008bc                _read
 .text          0x00000000080008d8        0x0 libopencm3/lib/libopencm3_stm32f4.a(gpio_common_f0234.o)
 .text.gpio_mode_setup
                0x00000000080008d8       0x40 libopencm3/lib/libopencm3_stm32f4.a(gpio_common_f0234.o)
                0x00000000080008d8                gpio_mode_setup
 .text.gpio_set_output_options
                0x0000000008000918       0x36 libopencm3/lib/libopencm3_stm32f4.a(gpio_common_f0234.o)
                0x0000000008000918                gpio_set_output_options
 .text.gpio_set_af
                0x000000000800094e       0x58 libopencm3/lib/libopencm3_stm32f4.a(gpio_common_f0234.o)
                0x000000000800094e                gpio_set_af
 .text          0x00000000080009a6        0x0 libopencm3/lib/libopencm3_stm32f4.a(rcc_common_all.o)
 .text.rcc_peripheral_enable_clock
                0x00000000080009a6        0x8 libopencm3/lib/libopencm3_stm32f4.a(rcc_common_all.o)
                0x00000000080009a6                rcc_peripheral_enable_clock
 .text.rcc_peripheral_disable_clock
                0x00000000080009ae        0xa libopencm3/lib/libopencm3_stm32f4.a(rcc_common_all.o)
                0x00000000080009ae                rcc_peripheral_disable_clock
 .text.rcc_peripheral_reset
                0x00000000080009b8        0x8 libopencm3/lib/libopencm3_stm32f4.a(rcc_common_all.o)
                0x00000000080009b8                rcc_peripheral_reset
 .text.rcc_peripheral_clear_reset
                0x00000000080009c0        0xa libopencm3/lib/libopencm3_stm32f4.a(rcc_common_all.o)
                0x00000000080009c0                rcc_peripheral_clear_reset
 .text.rcc_periph_clock_enable
                0x00000000080009ca       0x1c libopencm3/lib/libopencm3_stm32f4.a(rcc_common_all.o)
                0x00000000080009ca                rcc_periph_clock_enable
 .text.rcc_periph_clock_disable
                0x00000000080009e6       0x1e libopencm3/lib/libopencm3_stm32f4.a(rcc_common_all.o)
                0x00000000080009e6                rcc_periph_clock_disable
 .text.rcc_periph_reset_pulse
                0x0000000008000a04       0x24 libopencm3/lib/libopencm3_stm32f4.a(rcc_common_all.o)
                0x0000000008000a04                rcc_periph_reset_pulse
 .text.rcc_periph_reset_hold
                0x0000000008000a28        0x4 libopencm3/lib/libopencm3_stm32f4.a(rcc_common_all.o)
                0x0000000008000a28                rcc_periph_reset_hold
 .text.rcc_periph_reset_release
                0x0000000008000a2c        0x4 libopencm3/lib/libopencm3_stm32f4.a(rcc_common_all.o)
                0x0000000008000a2c                rcc_periph_reset_release
 .text.rcc_set_mco
                0x0000000008000a30       0x18 libopencm3/lib/libopencm3_stm32f4.a(rcc_common_all.o)
                0x0000000008000a30                rcc_set_mco
 .text.rcc_osc_bypass_enable
                0x0000000008000a48       0x30 libopencm3/lib/libopencm3_stm32f4.a(rcc_common_all.o)
                0x0000000008000a48                rcc_osc_bypass_enable
 .text.rcc_osc_bypass_disable
                0x0000000008000a78       0x30 libopencm3/lib/libopencm3_stm32f4.a(rcc_common_all.o)
                0x0000000008000a78                rcc_osc_bypass_disable
 .text.rcc_get_div_from_hpre
                0x0000000008000aa8       0x1c libopencm3/lib/libopencm3_stm32f4.a(rcc_common_all.o)
                0x0000000008000aa8                rcc_get_div_from_hpre
 .text          0x0000000008000ac4        0x0 libopencm3/lib/libopencm3_stm32f4.a(usart_common_all.o)
 .text.usart_set_baudrate
                0x0000000008000ac4       0x16 libopencm3/lib/libopencm3_stm32f4.a(usart_common_all.o)
                0x0000000008000ac4                usart_set_baudrate
 .text.usart_set_databits
                0x0000000008000ada       0x12 libopencm3/lib/libopencm3_stm32f4.a(usart_common_all.o)
                0x0000000008000ada                usart_set_databits
 .text.usart_get_databits
                0x0000000008000aec        0xe libopencm3/lib/libopencm3_stm32f4.a(usart_common_all.o)
                0x0000000008000aec                usart_get_databits
 .text.usart_set_stopbits
                0x0000000008000afa        0xc libopencm3/lib/libopencm3_stm32f4.a(usart_common_all.o)
                0x0000000008000afa                usart_set_stopbits
 .text.usart_get_stopbits
                0x0000000008000b06        0x8 libopencm3/lib/libopencm3_stm32f4.a(usart_common_all.o)
                0x0000000008000b06                usart_get_stopbits
 .text.usart_set_parity
                0x0000000008000b0e        0xc libopencm3/lib/libopencm3_stm32f4.a(usart_common_all.o)
                0x0000000008000b0e                usart_set_parity
 .text.usart_get_parity
                0x0000000008000b1a        0x8 libopencm3/lib/libopencm3_stm32f4.a(usart_common_all.o)
                0x0000000008000b1a                usart_get_parity
 .text.usart_set_mode
                0x0000000008000b22        0xc libopencm3/lib/libopencm3_stm32f4.a(usart_common_all.o)
                0x0000000008000b22                usart_set_mode
 .text.usart_set_flow_control
                0x0000000008000b2e        0xc libopencm3/lib/libopencm3_stm32f4.a(usart_common_all.o)
                0x0000000008000b2e                usart_set_flow_control
 .text.usart_enable
                0x0000000008000b3a        0xa libopencm3/lib/libopencm3_stm32f4.a(usart_common_all.o)
                0x0000000008000b3a                usart_enable
 .text.usart_disable
                0x0000000008000b44        0xa libopencm3/lib/libopencm3_stm32f4.a(usart_common_all.o)
                0x0000000008000b44                usart_disable
 .text.usart_send_blocking
                0x0000000008000b4e       0x18 libopencm3/lib/libopencm3_stm32f4.a(usart_common_all.o)
                0x0000000008000b4e                usart_send_blocking
 .text.usart_recv_blocking
                0x0000000008000b66       0x12 libopencm3/lib/libopencm3_stm32f4.a(usart_common_all.o)
                0x0000000008000b66                usart_recv_blocking
 .text.usart_enable_rx_dma
                0x0000000008000b78        0xa libopencm3/lib/libopencm3_stm32f4.a(usart_common_all.o)
                0x0000000008000b78                usart_enable_rx_dma
 .text.usart_disable_rx_dma
                0x0000000008000b82        0xa libopencm3/lib/libopencm3_stm32f4.a(usart_common_all.o)
                0x0000000008000b82                usart_disable_rx_dma
 .text.usart_enable_tx_dma
                0x0000000008000b8c        0xa libopencm3/lib/libopencm3_stm32f4.a(usart_common_all.o)
                0x0000000008000b8c                usart_enable_tx_dma
 .text.usart_disable_tx_dma
                0x0000000008000b96        0xa libopencm3/lib/libopencm3_stm32f4.a(usart_common_all.o)
                0x0000000008000b96                usart_disable_tx_dma
 .text.usart_enable_rx_interrupt
                0x0000000008000ba0        0xa libopencm3/lib/libopencm3_stm32f4.a(usart_common_all.o)
                0x0000000008000ba0                usart_enable_rx_interrupt
 .text.usart_disable_rx_interrupt
                0x0000000008000baa        0xa libopencm3/lib/libopencm3_stm32f4.a(usart_common_all.o)
                0x0000000008000baa                usart_disable_rx_interrupt
 .text.usart_enable_tx_interrupt
                0x0000000008000bb4        0xa libopencm3/lib/libopencm3_stm32f4.a(usart_common_all.o)
                0x0000000008000bb4                usart_enable_tx_interrupt
 .text.usart_disable_tx_interrupt
                0x0000000008000bbe        0xa libopencm3/lib/libopencm3_stm32f4.a(usart_common_all.o)
                0x0000000008000bbe                usart_disable_tx_interrupt
 .text.usart_enable_tx_complete_interrupt
                0x0000000008000bc8        0xa libopencm3/lib/libopencm3_stm32f4.a(usart_common_all.o)
                0x0000000008000bc8                usart_enable_tx_complete_interrupt
 .text.usart_disable_tx_complete_interrupt
                0x0000000008000bd2        0xa libopencm3/lib/libopencm3_stm32f4.a(usart_common_all.o)
                0x0000000008000bd2                usart_disable_tx_complete_interrupt
 .text.usart_enable_idle_interrupt
                0x0000000008000bdc        0xa libopencm3/lib/libopencm3_stm32f4.a(usart_common_all.o)
                0x0000000008000bdc                usart_enable_idle_interrupt
 .text.usart_disable_idle_interrupt
                0x0000000008000be6        0xa libopencm3/lib/libopencm3_stm32f4.a(usart_common_all.o)
                0x0000000008000be6                usart_disable_idle_interrupt
 .text.usart_enable_error_interrupt
                0x0000000008000bf0        0xa libopencm3/lib/libopencm3_stm32f4.a(usart_common_all.o)
                0x0000000008000bf0                usart_enable_error_interrupt
 .text.usart_disable_error_interrupt
                0x0000000008000bfa        0xa libopencm3/lib/libopencm3_stm32f4.a(usart_common_all.o)
                0x0000000008000bfa                usart_disable_error_interrupt
 .text          0x0000000008000c04        0x0 libopencm3/lib/libopencm3_stm32f4.a(usart_common_f124.o)
 .text.usart_send
                0x0000000008000c04        0x8 libopencm3/lib/libopencm3_stm32f4.a(usart_common_f124.o)
                0x0000000008000c04                usart_send
 .text.usart_recv
                0x0000000008000c0c        0x8 libopencm3/lib/libopencm3_stm32f4.a(usart_common_f124.o)
                0x0000000008000c0c                usart_recv
 .text.usart_wait_send_ready
                0x0000000008000c14        0x8 libopencm3/lib/libopencm3_stm32f4.a(usart_common_f124.o)
                0x0000000008000c14                usart_wait_send_ready
 .text.usart_wait_recv_ready
                0x0000000008000c1c        0x8 libopencm3/lib/libopencm3_stm32f4.a(usart_common_f124.o)
                0x0000000008000c1c                usart_wait_recv_ready
 .text.usart_get_flag
                0x0000000008000c24        0xc libopencm3/lib/libopencm3_stm32f4.a(usart_common_f124.o)
                0x0000000008000c24                usart_get_flag
 .text          0x0000000008000c30        0x0 libopencm3/lib/libopencm3_stm32f4.a(vector.o)
 .text.blocking_handler
                0x0000000008000c30        0x2 libopencm3/lib/libopencm3_stm32f4.a(vector.o)
                0x0000000008000c30                dma2_stream1_isr
                0x0000000008000c30                tim8_brk_tim12_isr
                0x0000000008000c30                dma1_stream7_isr
                0x0000000008000c30                usart3_isr
                0x0000000008000c30                tim7_isr
                0x0000000008000c30                dma2d_isr
                0x0000000008000c30                uart8_isr
                0x0000000008000c30                dma1_stream2_isr
                0x0000000008000c30                otg_hs_isr
                0x0000000008000c30                blocking_handler
                0x0000000008000c30                tim5_isr
                0x0000000008000c30                rtc_wkup_isr
                0x0000000008000c30                otg_fs_isr
                0x0000000008000c30                spi1_isr
                0x0000000008000c30                i2c3_er_isr
                0x0000000008000c30                exti2_isr
                0x0000000008000c30                spi5_isr
                0x0000000008000c30                usb_fs_wkup_isr
                0x0000000008000c30                tamp_stamp_isr
                0x0000000008000c30                can1_rx1_isr
                0x0000000008000c30                dma2_stream0_isr
                0x0000000008000c30                usart1_isr
                0x0000000008000c30                i2c3_ev_isr
                0x0000000008000c30                usage_fault_handler
                0x0000000008000c30                can2_rx0_isr
                0x0000000008000c30                dma1_stream6_isr
                0x0000000008000c30                can2_rx1_isr
                0x0000000008000c30                can1_sce_isr
                0x0000000008000c30                tim1_cc_isr
                0x0000000008000c30                can1_tx_isr
                0x0000000008000c30                tim1_up_tim10_isr
                0x0000000008000c30                sdio_isr
                0x0000000008000c30                eth_isr
                0x0000000008000c30                spi6_isr
                0x0000000008000c30                dma2_stream5_isr
                0x0000000008000c30                pvd_isr
                0x0000000008000c30                can1_rx0_isr
                0x0000000008000c30                rcc_isr
                0x0000000008000c30                dma2_stream3_isr
                0x0000000008000c30                flash_isr
                0x0000000008000c30                uart4_isr
                0x0000000008000c30                lcd_tft_isr
                0x0000000008000c30                rtc_alarm_isr
                0x0000000008000c30                exti15_10_isr
                0x0000000008000c30                hash_rng_isr
                0x0000000008000c30                tim1_trg_com_tim11_isr
                0x0000000008000c30                hard_fault_handler
                0x0000000008000c30                exti1_isr
                0x0000000008000c30                i2c1_ev_isr
                0x0000000008000c30                usart6_isr
                0x0000000008000c30                spi2_isr
                0x0000000008000c30                cryp_isr
                0x0000000008000c30                nvic_wwdg_isr
                0x0000000008000c30                dma1_stream1_isr
                0x0000000008000c30                dma2_stream4_isr
                0x0000000008000c30                exti3_isr
                0x0000000008000c30                tim3_isr
                0x0000000008000c30                usart2_isr
                0x0000000008000c30                sai1_isr
                0x0000000008000c30                fpu_isr
                0x0000000008000c30                dma1_stream4_isr
                0x0000000008000c30                i2c2_er_isr
                0x0000000008000c30                i2c2_ev_isr
                0x0000000008000c30                uart5_isr
                0x0000000008000c30                dma2_stream6_isr
                0x0000000008000c30                spi4_isr
                0x0000000008000c30                adc_isr
                0x0000000008000c30                dma2_stream7_isr
                0x0000000008000c30                tim8_up_tim13_isr
                0x0000000008000c30                fsmc_isr
                0x0000000008000c30                exti4_isr
                0x0000000008000c30                tim6_dac_isr
                0x0000000008000c30                dma1_stream3_isr
                0x0000000008000c30                tim8_trg_com_tim14_isr
                0x0000000008000c30                mem_manage_handler
                0x0000000008000c30                lcd_tft_err_isr
                0x0000000008000c30                can2_tx_isr
                0x0000000008000c30                exti9_5_isr
                0x0000000008000c30                tim1_brk_tim9_isr
                0x0000000008000c30                uart7_isr
                0x0000000008000c30                can2_sce_isr
                0x0000000008000c30                tim4_isr
                0x0000000008000c30                otg_hs_wkup_isr
                0x0000000008000c30                i2c1_er_isr
                0x0000000008000c30                dma1_stream0_isr
                0x0000000008000c30                tim8_cc_isr
                0x0000000008000c30                dcmi_isr
                0x0000000008000c30                dma2_stream2_isr
                0x0000000008000c30                eth_wkup_isr
                0x0000000008000c30                bus_fault_handler
                0x0000000008000c30                otg_hs_ep1_out_isr
                0x0000000008000c30                spi3_isr
                0x0000000008000c30                dma1_stream5_isr
                0x0000000008000c30                otg_hs_ep1_in_isr
                0x0000000008000c30                tim2_isr
                0x0000000008000c30                exti0_isr
 .text.null_handler
                0x0000000008000c32        0x2 libopencm3/lib/libopencm3_stm32f4.a(vector.o)
                0x0000000008000c32                null_handler
                0x0000000008000c32                sv_call_handler
                0x0000000008000c32                pend_sv_handler
                0x0000000008000c32                debug_monitor_handler
                0x0000000008000c32                sys_tick_handler
                0x0000000008000c32                nmi_handler
 .text.reset_handler
                0x0000000008000c34       0xa0 libopencm3/lib/libopencm3_stm32f4.a(vector.o)
                0x0000000008000c34                reset_handler
 .text          0x0000000008000cd4        0x0 libopencm3/lib/libopencm3_stm32f4.a(rcc.o)
 .text.rcc_osc_ready_int_clear
                0x0000000008000cd4       0x6c libopencm3/lib/libopencm3_stm32f4.a(rcc.o)
                0x0000000008000cd4                rcc_osc_ready_int_clear
 .text.rcc_osc_ready_int_enable
                0x0000000008000d40       0x6c libopencm3/lib/libopencm3_stm32f4.a(rcc.o)
                0x0000000008000d40                rcc_osc_ready_int_enable
 .text.rcc_osc_ready_int_disable
                0x0000000008000dac       0x6c libopencm3/lib/libopencm3_stm32f4.a(rcc.o)
                0x0000000008000dac                rcc_osc_ready_int_disable
 .text.rcc_osc_ready_int_flag
                0x0000000008000e18       0x6c libopencm3/lib/libopencm3_stm32f4.a(rcc.o)
                0x0000000008000e18                rcc_osc_ready_int_flag
 .text.rcc_css_int_clear
                0x0000000008000e84       0x14 libopencm3/lib/libopencm3_stm32f4.a(rcc.o)
                0x0000000008000e84                rcc_css_int_clear
 .text.rcc_css_int_flag
                0x0000000008000e98       0x10 libopencm3/lib/libopencm3_stm32f4.a(rcc.o)
                0x0000000008000e98                rcc_css_int_flag
 .text.rcc_is_osc_ready
                0x0000000008000ea8       0x64 libopencm3/lib/libopencm3_stm32f4.a(rcc.o)
                0x0000000008000ea8                rcc_is_osc_ready
 .text.rcc_wait_for_osc_ready
                0x0000000008000f0c       0x10 libopencm3/lib/libopencm3_stm32f4.a(rcc.o)
                0x0000000008000f0c                rcc_wait_for_osc_ready
 .text.rcc_wait_for_sysclk_status
                0x0000000008000f1c       0x40 libopencm3/lib/libopencm3_stm32f4.a(rcc.o)
                0x0000000008000f1c                rcc_wait_for_sysclk_status
 .text.rcc_osc_on
                0x0000000008000f5c       0x74 libopencm3/lib/libopencm3_stm32f4.a(rcc.o)
                0x0000000008000f5c                rcc_osc_on
 .text.rcc_osc_off
                0x0000000008000fd0       0x74 libopencm3/lib/libopencm3_stm32f4.a(rcc.o)
                0x0000000008000fd0                rcc_osc_off
 .text.rcc_css_enable
                0x0000000008001044       0x14 libopencm3/lib/libopencm3_stm32f4.a(rcc.o)
                0x0000000008001044                rcc_css_enable
 .text.rcc_css_disable
                0x0000000008001058       0x14 libopencm3/lib/libopencm3_stm32f4.a(rcc.o)
                0x0000000008001058                rcc_css_disable
 .text.rcc_plli2s_config
                0x000000000800106c       0x1c libopencm3/lib/libopencm3_stm32f4.a(rcc.o)
                0x000000000800106c                rcc_plli2s_config
 .text.rcc_pllsai_config
                0x0000000008001088       0x2c libopencm3/lib/libopencm3_stm32f4.a(rcc.o)
                0x0000000008001088                rcc_pllsai_config
 .text.rcc_pllsai_postscalers
                0x00000000080010b4       0x28 libopencm3/lib/libopencm3_stm32f4.a(rcc.o)
                0x00000000080010b4                rcc_pllsai_postscalers
 .text.rcc_set_sysclk_source
                0x00000000080010dc       0x18 libopencm3/lib/libopencm3_stm32f4.a(rcc.o)
                0x00000000080010dc                rcc_set_sysclk_source
 .text.rcc_set_pll_source
                0x00000000080010f4       0x18 libopencm3/lib/libopencm3_stm32f4.a(rcc.o)
                0x00000000080010f4                rcc_set_pll_source
 .text.rcc_set_ppre2
                0x000000000800110c       0x18 libopencm3/lib/libopencm3_stm32f4.a(rcc.o)
                0x000000000800110c                rcc_set_ppre2
 .text.rcc_set_ppre1
                0x0000000008001124       0x18 libopencm3/lib/libopencm3_stm32f4.a(rcc.o)
                0x0000000008001124                rcc_set_ppre1
 .text.rcc_set_hpre
                0x000000000800113c       0x18 libopencm3/lib/libopencm3_stm32f4.a(rcc.o)
                0x000000000800113c                rcc_set_hpre
 .text.rcc_set_rtcpre
                0x0000000008001154       0x18 libopencm3/lib/libopencm3_stm32f4.a(rcc.o)
                0x0000000008001154                rcc_set_rtcpre
 .text.rcc_set_main_pll_hsi
                0x000000000800116c       0x44 libopencm3/lib/libopencm3_stm32f4.a(rcc.o)
                0x000000000800116c                rcc_set_main_pll_hsi
 .text.rcc_set_main_pll_hse
                0x00000000080011b0       0x44 libopencm3/lib/libopencm3_stm32f4.a(rcc.o)
                0x00000000080011b0                rcc_set_main_pll_hse
 .text.rcc_system_clock_source
                0x00000000080011f4       0x10 libopencm3/lib/libopencm3_stm32f4.a(rcc.o)
                0x00000000080011f4                rcc_system_clock_source
 .text.rcc_clock_setup_pll
                0x0000000008001204       0xe4 libopencm3/lib/libopencm3_stm32f4.a(rcc.o)
                0x0000000008001204                rcc_clock_setup_pll
 .text.rcc_clock_setup_hse_3v3
                0x00000000080012e8        0x4 libopencm3/lib/libopencm3_stm32f4.a(rcc.o)
                0x00000000080012e8                rcc_clock_setup_hse_3v3
 .text.rcc_get_usart_clk_freq
                0x00000000080012ec       0x20 libopencm3/lib/libopencm3_stm32f4.a(rcc.o)
                0x00000000080012ec                rcc_get_usart_clk_freq
 .text.rcc_get_timer_clk_freq
                0x000000000800130c       0x34 libopencm3/lib/libopencm3_stm32f4.a(rcc.o)
                0x000000000800130c                rcc_get_timer_clk_freq
 .text.rcc_get_i2c_clk_freq
                0x0000000008001340        0xc libopencm3/lib/libopencm3_stm32f4.a(rcc.o)
                0x0000000008001340                rcc_get_i2c_clk_freq
 .text.rcc_get_spi_clk_freq
                0x000000000800134c       0x20 libopencm3/lib/libopencm3_stm32f4.a(rcc.o)
                0x000000000800134c                rcc_get_spi_clk_freq
 .text          0x000000000800136c        0x0 libopencm3/lib/libopencm3_stm32f4.a(flash_common_all.o)
 .text.flash_prefetch_enable
                0x000000000800136c       0x14 libopencm3/lib/libopencm3_stm32f4.a(flash_common_all.o)
                0x000000000800136c                flash_prefetch_enable
 .text.flash_prefetch_disable
                0x0000000008001380       0x14 libopencm3/lib/libopencm3_stm32f4.a(flash_common_all.o)
                0x0000000008001380                flash_prefetch_disable
 .text.flash_set_ws
                0x0000000008001394       0x18 libopencm3/lib/libopencm3_stm32f4.a(flash_common_all.o)
                0x0000000008001394                flash_set_ws
 .text.flash_unlock_option_bytes
                0x00000000080013ac       0x1c libopencm3/lib/libopencm3_stm32f4.a(flash_common_all.o)
                0x00000000080013ac                flash_unlock_option_bytes
 .text          0x00000000080013c8        0x0 libopencm3/lib/libopencm3_stm32f4.a(flash_common_idcache.o)
 .text.flash_dcache_enable
                0x00000000080013c8       0x14 libopencm3/lib/libopencm3_stm32f4.a(flash_common_idcache.o)
                0x00000000080013c8                flash_dcache_enable
 .text.flash_dcache_disable
                0x00000000080013dc       0x14 libopencm3/lib/libopencm3_stm32f4.a(flash_common_idcache.o)
                0x00000000080013dc                flash_dcache_disable
 .text.flash_icache_enable
                0x00000000080013f0       0x14 libopencm3/lib/libopencm3_stm32f4.a(flash_common_idcache.o)
                0x00000000080013f0                flash_icache_enable
 .text.flash_icache_disable
                0x0000000008001404       0x14 libopencm3/lib/libopencm3_stm32f4.a(flash_common_idcache.o)
                0x0000000008001404                flash_icache_disable
 .text.flash_dcache_reset
                0x0000000008001418       0x14 libopencm3/lib/libopencm3_stm32f4.a(flash_common_idcache.o)
                0x0000000008001418                flash_dcache_reset
 .text.flash_icache_reset
                0x000000000800142c       0x14 libopencm3/lib/libopencm3_stm32f4.a(flash_common_idcache.o)
                0x000000000800142c                flash_icache_reset
 .text          0x0000000008001440        0x0 libopencm3/lib/libopencm3_stm32f4.a(pwr.o)
 .text.pwr_set_vos_scale
                0x0000000008001440       0x18 libopencm3/lib/libopencm3_stm32f4.a(pwr.o)
                0x0000000008001440                pwr_set_vos_scale
 .text          0x0000000008001458        0xc /usr/lib/gcc/arm-none-eabi/10.3.1/../../../arm-none-eabi/lib/thumb/v7e-m+fp/hard/libg_nano.a(lib_a-errno.o)
                0x0000000008001458                __errno
 .text          0x0000000008001464        0x0 /usr/lib/gcc/arm-none-eabi/10.3.1/../../../arm-none-eabi/lib/thumb/v7e-m+fp/hard/libg_nano.a(lib_a-impure.o)
 .text          0x0000000008001464       0xa4 /usr/lib/gcc/arm-none-eabi/10.3.1/../../../arm-none-eabi/lib/thumb/v7e-m+fp/hard/libg_nano.a(lib_a-memset.o)
                0x0000000008001464                memset
 .text          0x0000000008001508       0xec /usr/lib/gcc/arm-none-eabi/10.3.1/../../../arm-none-eabi/lib/thumb/v7e-m+fp/hard/libg_nano.a(lib_a-puts.o)
                0x0000000008001508                _puts_r
                0x00000000080015e4                puts
 .text          0x00000000080015f4      0x108 /usr/lib/gcc/arm-none-eabi/10.3.1/../../../arm-none-eabi/lib/thumb/v7e-m+fp/hard/libg_nano.a(lib_a-snprintf.o)
                0x00000000080015f4                _sniprintf_r
                0x00000000080015f4                _snprintf_r
                0x0000000008001674                snprintf
                0x0000000008001674                sniprintf
 *fill*         0x00000000080016fc        0x4 
 .text          0x0000000008001700      0x2dc /usr/lib/gcc/arm-none-eabi/10.3.1/../../../arm-none-eabi/lib/thumb/v7e-m+fp/hard/libg_nano.a(lib_a-strcmp.o)
                0x0000000008001708                strcmp
 .text          0x00000000080019dc       0xc8 /usr/lib/gcc/arm-none-eabi/10.3.1/../../../arm-none-eabi/lib/thumb/v7e-m+fp/hard/libg_nano.a(lib_a-wbuf.o)
                0x00000000080019dc                __swbuf_r
                0x0000000008001a8c                __swbuf
 .text          0x0000000008001aa4      0x104 /usr/lib/gcc/arm-none-eabi/10.3.1/../../../arm-none-eabi/lib/thumb/v7e-m+fp/hard/libg_nano.a(lib_a-wsetup.o)
                0x0000000008001aa4                __swsetup_r
 .text          0x0000000008001ba8      0x1e8 /usr/lib/gcc/arm-none-eabi/10.3.1/../../../arm-none-eabi/lib/thumb/v7e-m+fp/hard/libg_nano.a(lib_a-fflush.o)
                0x0000000008001ba8                __sflush_r
                0x0000000008001cbc                _fflush_r
                0x0000000008001d10                fflush
 .text          0x0000000008001d90      0x238 /usr/lib/gcc/arm-none-eabi/10.3.1/../../../arm-none-eabi/lib/thumb/v7e-m+fp/hard/libg_nano.a(lib_a-findfp.o)
                0x0000000008001d94                _cleanup_r
                0x0000000008001da4                __sfmoreglue
                0x0000000008001dd4                __sfp
                0x0000000008001f74                _cleanup
                0x0000000008001f88                __sinit
                0x0000000008001f90                __sfp_lock_acquire
                0x0000000008001f94                __sfp_lock_release
                0x0000000008001f98                __sinit_lock_acquire
                0x0000000008001f9c                __sinit_lock_release
                0x0000000008001fa0                __fp_lock_all
                0x0000000008001fb4                __fp_unlock_all
 .text          0x0000000008001fc8       0x88 /usr/lib/gcc/arm-none-eabi/10.3.1/../../../arm-none-eabi/lib/thumb/v7e-m+fp/hard/libg_nano.a(lib_a-fwalk.o)
                0x0000000008001fc8                _fwalk
                0x0000000008002008                _fwalk_reent
 .text          0x0000000008002050      0x11c /usr/lib/gcc/arm-none-eabi/10.3.1/../../../arm-none-eabi/lib/thumb/v7e-m+fp/hard/libg_nano.a(lib_a-makebuf.o)
                0x0000000008002050                __smakebuf_r
                0x0000000008002110                __swhatbuf_r
 .text          0x000000000800216c       0xc4 /usr/lib/gcc/arm-none-eabi/10.3.1/../../../arm-none-eabi/lib/thumb/v7e-m+fp/hard/libg_nano.a(lib_a-nano-freer.o)
                0x000000000800216c                _free_r
 .text          0x0000000008002230       0xb4 /usr/lib/gcc/arm-none-eabi/10.3.1/../../../arm-none-eabi/lib/thumb/v7e-m+fp/hard/libg_nano.a(lib_a-nano-mallocr.o)
                0x0000000008002230                _malloc_r
 .text          0x00000000080022e4      0x3f0 /usr/lib/gcc/arm-none-eabi/10.3.1/../../../arm-none-eabi/lib/thumb/v7e-m+fp/hard/libg_nano.a(lib_a-nano-svfprintf.o)
                0x00000000080022e4                __ssputs_r
                0x00000000080023a8                __ssprint_r
                0x00000000080024a0                _svfprintf_r
                0x00000000080024a0                _svfiprintf_r
 .text          0x00000000080026d4      0x3dc /usr/lib/gcc/arm-none-eabi/10.3.1/../../../arm-none-eabi/lib/thumb/v7e-m+fp/hard/libg_nano.a(lib_a-nano-vfprintf_i.o)
                0x00000000080026d4                _printf_common
                0x0000000008002800                _printf_i
 .text          0x0000000008002ab0       0x24 /usr/lib/gcc/arm-none-eabi/10.3.1/../../../arm-none-eabi/lib/thumb/v7e-m+fp/hard/libg_nano.a(lib_a-sbrkr.o)
                0x0000000008002ab0                _sbrk_r
 .text          0x0000000008002ad4       0x90 /usr/lib/gcc/arm-none-eabi/10.3.1/../../../arm-none-eabi/lib/thumb/v7e-m+fp/hard/libg_nano.a(lib_a-stdio.o)
                0x0000000008002ad4                __sread
                0x0000000008002af8                __seofread
                0x0000000008002afc                __swrite
                0x0000000008002b3c                __sseek
                0x0000000008002b5c                __sclose
 .text          0x0000000008002b64       0x2c /usr/lib/gcc/arm-none-eabi/10.3.1/../../../arm-none-eabi/lib/thumb/v7e-m+fp/hard/libg_nano.a(lib_a-writer.o)
                0x0000000008002b64                _write_r
 .text          0x0000000008002b90       0x24 /usr/lib/gcc/arm-none-eabi/10.3.1/../../../arm-none-eabi/lib/thumb/v7e-m+fp/hard/libg_nano.a(lib_a-closer.o)
                0x0000000008002b90                _close_r
 .text          0x0000000008002bb4       0x2c /usr/lib/gcc/arm-none-eabi/10.3.1/../../../arm-none-eabi/lib/thumb/v7e-m+fp/hard/libg_nano.a(lib_a-fstatr.o)
                0x0000000008002bb4                _fstat_r
 .text          0x0000000008002be0       0x24 /usr/lib/gcc/arm-none-eabi/10.3.1/../../../arm-none-eabi/lib/thumb/v7e-m+fp/hard/libg_nano.a(lib_a-isattyr.o)
                0x0000000008002be0                _isatty_r
 .text          0x0000000008002c04       0x2c /usr/lib/gcc/arm-none-eabi/10.3.1/../../../arm-none-eabi/lib/thumb/v7e-m+fp/hard/libg_nano.a(lib_a-lseekr.o)
                0x0000000008002c04                _lseek_r
 .text          0x0000000008002c30       0xa0 /usr/lib/gcc/arm-none-eabi/10.3.1/../../../arm-none-eabi/lib/thumb/v7e-m+fp/hard/libg_nano.a(lib_a-memchr.o)
                0x0000000008002c30                memchr
 .text          0x0000000008002cd0      0x134 /usr/lib/gcc/arm-none-eabi/10.3.1/../../../arm-none-eabi/lib/thumb/v7e-m+fp/hard/libg_nano.a(lib_a-memcpy.o)
                0x0000000008002cd0                memcpy
 .text          0x0000000008002e04       0xf8 /usr/lib/gcc/arm-none-eabi/10.3.1/../../../arm-none-eabi/lib/thumb/v7e-m+fp/hard/libg_nano.a(lib_a-memmove.o)
                0x0000000008002e04                memmove
 .text          0x0000000008002efc        0x8 /usr/lib/gcc/arm-none-eabi/10.3.1/../../../arm-none-eabi/lib/thumb/v7e-m+fp/hard/libg_nano.a(lib_a-mlock.o)
                0x0000000008002efc                __malloc_lock
                0x0000000008002f00                __malloc_unlock
 .text          0x0000000008002f04       0x50 /usr/lib/gcc/arm-none-eabi/10.3.1/../../../arm-none-eabi/lib/thumb/v7e-m+fp/hard/libg_nano.a(lib_a-nano-reallocr.o)
                0x0000000008002f04                _realloc_r
 .text          0x0000000008002f54       0x2c /usr/lib/gcc/arm-none-eabi/10.3.1/../../../arm-none-eabi/lib/thumb/v7e-m+fp/hard/libg_nano.a(lib_a-readr.o)
                0x0000000008002f54                _read_r
 .text          0x0000000008002f80      0x114 /usr/lib/gcc/arm-none-eabi/10.3.1/../../../arm-none-eabi/lib/thumb/v7e-m+fp/hard/libg_nano.a(lib_a-reent.o)
                0x0000000008002f80                cleanup_glue
                0x0000000008002fc8                _reclaim_reent
 .text          0x0000000008003094       0x14 /usr/lib/gcc/arm-none-eabi/10.3.1/../../../arm-none-eabi/lib/thumb/v7e-m+fp/hard/libg_nano.a(lib_a-nano-msizer.o)
                0x0000000008003094                _malloc_usable_size_r
                0x00000000080030a8                . = ALIGN (0x4)
 *(.rodata*)
 .rodata        0x00000000080030a8        0xc /tmp/ccsNpUaN.o
 .rodata        0x00000000080030b4       0x82 /tmp/cc3sdho6.o
 *fill*         0x0000000008003136        0x2 
 .rodata.s_shell_commands
                0x0000000008003138       0x3c /tmp/cc3sdho6.o
 .rodata.g_shell_commands
                0x0000000008003174        0x4 /tmp/cc3sdho6.o
                0x0000000008003174                g_shell_commands
 .rodata.g_num_shell_commands
                0x0000000008003178        0x4 /tmp/cc3sdho6.o
                0x0000000008003178                g_num_shell_commands
 .rodata        0x000000000800317c       0x4f /tmp/ccvJLxc1.o
 *fill*         0x00000000080031cb        0x1 
 .rodata.rcc_hse_12mhz_3v3
                0x00000000080031cc       0x70 libopencm3/lib/libopencm3_stm32f4.a(rcc.o)
                0x00000000080031cc                rcc_hse_12mhz_3v3
 .rodata.rcc_hse_16mhz_3v3
                0x000000000800323c       0x70 libopencm3/lib/libopencm3_stm32f4.a(rcc.o)
                0x000000000800323c                rcc_hse_16mhz_3v3
 .rodata.rcc_hse_25mhz_3v3
                0x00000000080032ac       0x70 libopencm3/lib/libopencm3_stm32f4.a(rcc.o)
                0x00000000080032ac                rcc_hse_25mhz_3v3
 .rodata.rcc_hse_8mhz_3v3
                0x000000000800331c       0x70 libopencm3/lib/libopencm3_stm32f4.a(rcc.o)
                0x000000000800331c                rcc_hse_8mhz_3v3
 .rodata.rcc_hsi_configs
                0x000000000800338c       0x70 libopencm3/lib/libopencm3_stm32f4.a(rcc.o)
                0x000000000800338c                rcc_hsi_configs
 .rodata        0x00000000080033fc        0x4 /usr/lib/gcc/arm-none-eabi/10.3.1/../../../arm-none-eabi/lib/thumb/v7e-m+fp/hard/libg_nano.a(lib_a-impure.o)
                0x00000000080033fc                _global_impure_ptr
 .rodata        0x0000000008003400       0x60 /usr/lib/gcc/arm-none-eabi/10.3.1/../../../arm-none-eabi/lib/thumb/v7e-m+fp/hard/libg_nano.a(lib_a-findfp.o)
                0x0000000008003400                __sf_fake_stderr
                0x0000000008003420                __sf_fake_stdout
                0x0000000008003440                __sf_fake_stdin
 .rodata.str1.4
                0x0000000008003460       0x13 /usr/lib/gcc/arm-none-eabi/10.3.1/../../../arm-none-eabi/lib/thumb/v7e-m+fp/hard/libg_nano.a(lib_a-nano-svfprintf.o)
 *fill*         0x0000000008003473        0x1 
 .rodata.str1.4
                0x0000000008003474       0x25 /usr/lib/gcc/arm-none-eabi/10.3.1/../../../arm-none-eabi/lib/thumb/v7e-m+fp/hard/libg_nano.a(lib_a-nano-vfprintf_i.o)
                0x000000000800349c                . = ALIGN (0x4)
 *fill*         0x0000000008003499        0x3 

.glue_7         0x000000000800349c        0x0
 .glue_7        0x000000000800349c        0x0 linker stubs

.glue_7t        0x000000000800349c        0x0
 .glue_7t       0x000000000800349c        0x0 linker stubs

.vfp11_veneer   0x000000000800349c        0x0
 .vfp11_veneer  0x000000000800349c        0x0 linker stubs

.v4_bx          0x000000000800349c        0x0
 .v4_bx         0x000000000800349c        0x0 linker stubs

.iplt           0x000000000800349c        0x0
 .iplt          0x000000000800349c        0x0 /tmp/ccsNpUaN.o

.rel.dyn        0x000000000800349c        0x0
 .rel.iplt      0x000000000800349c        0x0 /tmp/ccsNpUaN.o

.preinit_array  0x000000000800349c        0x0
                0x000000000800349c                . = ALIGN (0x4)
                0x000000000800349c                __preinit_array_start = .
 *(.preinit_array)
                0x000000000800349c                __preinit_array_end = .

.init_array     0x000000000800349c        0x0
                0x000000000800349c                . = ALIGN (0x4)
                0x000000000800349c                __init_array_start = .
 *(SORT_BY_NAME(.init_array.*))
 *(.init_array)
                0x000000000800349c                __init_array_end = .

.fini_array     0x000000000800349c        0x0
                0x000000000800349c                . = ALIGN (0x4)
                0x000000000800349c                __fini_array_start = .
 *(.fini_array)
 *(SORT_BY_NAME(.fini_array.*))
                0x000000000800349c                __fini_array_end = .

.ARM.extab
 *(.ARM.extab*)

.ARM.exidx      0x000000000800349c        0x0
                0x000000000800349c                __exidx_start = .
 *(.ARM.exidx*)
                0x000000000800349c                __exidx_end = .
                0x000000000800349c                . = ALIGN (0x4)
                0x000000000800349c                _etext = .

.data           0x0000000020000000       0x70 load address 0x000000000800349c
                0x0000000020000000                _data = .
 *(.data*)
 .data          0x0000000020000000        0x0 /tmp/ccsNpUaN.o
 .data          0x0000000020000000        0x0 /tmp/cc3sdho6.o
 .data          0x0000000020000000        0x0 /tmp/ccvJLxc1.o
 .data          0x0000000020000000        0x0 /tmp/ccQqRDzl.o
 .data          0x0000000020000000        0x0 /tmp/ccL3zm19.o
 .data          0x0000000020000000        0x0 /tmp/ccfeoShc.o
 .data          0x0000000020000000        0x0 /tmp/ccAf0XvI.o
 .data          0x0000000020000000        0x0 libopencm3/lib/libopencm3_stm32f4.a(gpio_common_f0234.o)
 .data          0x0000000020000000        0x0 libopencm3/lib/libopencm3_stm32f4.a(rcc_common_all.o)
 .data          0x0000000020000000        0x0 libopencm3/lib/libopencm3_stm32f4.a(usart_common_all.o)
 .data          0x0000000020000000        0x0 libopencm3/lib/libopencm3_stm32f4.a(usart_common_f124.o)
 .data          0x0000000020000000        0x0 libopencm3/lib/libopencm3_stm32f4.a(vector.o)
 .data          0x0000000020000000        0x0 libopencm3/lib/libopencm3_stm32f4.a(rcc.o)
 .data.rcc_ahb_frequency
                0x0000000020000000        0x4 libopencm3/lib/libopencm3_stm32f4.a(rcc.o)
                0x0000000020000000                rcc_ahb_frequency
 .data.rcc_apb1_frequency
                0x0000000020000004        0x4 libopencm3/lib/libopencm3_stm32f4.a(rcc.o)
                0x0000000020000004                rcc_apb1_frequency
 .data.rcc_apb2_frequency
                0x0000000020000008        0x4 libopencm3/lib/libopencm3_stm32f4.a(rcc.o)
                0x0000000020000008                rcc_apb2_frequency
 .data          0x000000002000000c        0x0 libopencm3/lib/libopencm3_stm32f4.a(flash_common_all.o)
 .data          0x000000002000000c        0x0 libopencm3/lib/libopencm3_stm32f4.a(flash_common_idcache.o)
 .data          0x000000002000000c        0x0 libopencm3/lib/libopencm3_stm32f4.a(pwr.o)
 .data          0x000000002000000c        0x0 /usr/lib/gcc/arm-none-eabi/10.3.1/../../../arm-none-eabi/lib/thumb/v7e-m+fp/hard/libg_nano.a(lib_a-errno.o)
 .data          0x000000002000000c       0x64 /usr/lib/gcc/arm-none-eabi/10.3.1/../../../arm-none-eabi/lib/thumb/v7e-m+fp/hard/libg_nano.a(lib_a-impure.o)
                0x000000002000000c                _impure_ptr
 .data          0x0000000020000070        0x0 /usr/lib/gcc/arm-none-eabi/10.3.1/../../../arm-none-eabi/lib/thumb/v7e-m+fp/hard/libg_nano.a(lib_a-memset.o)
 .data          0x0000000020000070        0x0 /usr/lib/gcc/arm-none-eabi/10.3.1/../../../arm-none-eabi/lib/thumb/v7e-m+fp/hard/libg_nano.a(lib_a-puts.o)
 .data          0x0000000020000070        0x0 /usr/lib/gcc/arm-none-eabi/10.3.1/../../../arm-none-eabi/lib/thumb/v7e-m+fp/hard/libg_nano.a(lib_a-snprintf.o)
 .data          0x0000000020000070        0x0 /usr/lib/gcc/arm-none-eabi/10.3.1/../../../arm-none-eabi/lib/thumb/v7e-m+fp/hard/libg_nano.a(lib_a-strcmp.o)
 .data          0x0000000020000070        0x0 /usr/lib/gcc/arm-none-eabi/10.3.1/../../../arm-none-eabi/lib/thumb/v7e-m+fp/hard/libg_nano.a(lib_a-wbuf.o)
 .data          0x0000000020000070        0x0 /usr/lib/gcc/arm-none-eabi/10.3.1/../../../arm-none-eabi/lib/thumb/v7e-m+fp/hard/libg_nano.a(lib_a-wsetup.o)
 .data          0x0000000020000070        0x0 /usr/lib/gcc/arm-none-eabi/10.3.1/../../../arm-none-eabi/lib/thumb/v7e-m+fp/hard/libg_nano.a(lib_a-fflush.o)
 .data          0x0000000020000070        0x0 /usr/lib/gcc/arm-none-eabi/10.3.1/../../../arm-none-eabi/lib/thumb/v7e-m+fp/hard/libg_nano.a(lib_a-findfp.o)
 .data          0x0000000020000070        0x0 /usr/lib/gcc/arm-none-eabi/10.3.1/../../../arm-none-eabi/lib/thumb/v7e-m+fp/hard/libg_nano.a(lib_a-fwalk.o)
 .data          0x0000000020000070        0x0 /usr/lib/gcc/arm-none-eabi/10.3.1/../../../arm-none-eabi/lib/thumb/v7e-m+fp/hard/libg_nano.a(lib_a-makebuf.o)
 .data          0x0000000020000070        0x0 /usr/lib/gcc/arm-none-eabi/10.3.1/../../../arm-none-eabi/lib/thumb/v7e-m+fp/hard/libg_nano.a(lib_a-nano-freer.o)
 .data          0x0000000020000070        0x0 /usr/lib/gcc/arm-none-eabi/10.3.1/../../../arm-none-eabi/lib/thumb/v7e-m+fp/hard/libg_nano.a(lib_a-nano-mallocr.o)
 .data          0x0000000020000070        0x0 /usr/lib/gcc/arm-none-eabi/10.3.1/../../../arm-none-eabi/lib/thumb/v7e-m+fp/hard/libg_nano.a(lib_a-nano-svfprintf.o)
 .data          0x0000000020000070        0x0 /usr/lib/gcc/arm-none-eabi/10.3.1/../../../arm-none-eabi/lib/thumb/v7e-m+fp/hard/libg_nano.a(lib_a-nano-vfprintf_i.o)
 .data          0x0000000020000070        0x0 /usr/lib/gcc/arm-none-eabi/10.3.1/../../../arm-none-eabi/lib/thumb/v7e-m+fp/hard/libg_nano.a(lib_a-sbrkr.o)
 .data          0x0000000020000070        0x0 /usr/lib/gcc/arm-none-eabi/10.3.1/../../../arm-none-eabi/lib/thumb/v7e-m+fp/hard/libg_nano.a(lib_a-stdio.o)
 .data          0x0000000020000070        0x0 /usr/lib/gcc/arm-none-eabi/10.3.1/../../../arm-none-eabi/lib/thumb/v7e-m+fp/hard/libg_nano.a(lib_a-writer.o)
 .data          0x0000000020000070        0x0 /usr/lib/gcc/arm-none-eabi/10.3.1/../../../arm-none-eabi/lib/thumb/v7e-m+fp/hard/libg_nano.a(lib_a-closer.o)
 .data          0x0000000020000070        0x0 /usr/lib/gcc/arm-none-eabi/10.3.1/../../../arm-none-eabi/lib/thumb/v7e-m+fp/hard/libg_nano.a(lib_a-fstatr.o)
 .data          0x0000000020000070        0x0 /usr/lib/gcc/arm-none-eabi/10.3.1/../../../arm-none-eabi/lib/thumb/v7e-m+fp/hard/libg_nano.a(lib_a-isattyr.o)
 .data          0x0000000020000070        0x0 /usr/lib/gcc/arm-none-eabi/10.3.1/../../../arm-none-eabi/lib/thumb/v7e-m+fp/hard/libg_nano.a(lib_a-lseekr.o)
 .data          0x0000000020000070        0x0 /usr/lib/gcc/arm-none-eabi/10.3.1/../../../arm-none-eabi/lib/thumb/v7e-m+fp/hard/libg_nano.a(lib_a-memchr.o)
 .data          0x0000000020000070        0x0 /usr/lib/gcc/arm-none-eabi/10.3.1/../../../arm-none-eabi/lib/thumb/v7e-m+fp/hard/libg_nano.a(lib_a-memcpy.o)
 .data          0x0000000020000070        0x0 /usr/lib/gcc/arm-none-eabi/10.3.1/../../../arm-none-eabi/lib/thumb/v7e-m+fp/hard/libg_nano.a(lib_a-memmove.o)
 .data          0x0000000020000070        0x0 /usr/lib/gcc/arm-none-eabi/10.3.1/../../../arm-none-eabi/lib/thumb/v7e-m+fp/hard/libg_nano.a(lib_a-mlock.o)
 .data          0x0000000020000070        0x0 /usr/lib/gcc/arm-none-eabi/10.3.1/../../../arm-none-eabi/lib/thumb/v7e-m+fp/hard/libg_nano.a(lib_a-nano-reallocr.o)
 .data          0x0000000020000070        0x0 /usr/lib/gcc/arm-none-eabi/10.3.1/../../../arm-none-eabi/lib/thumb/v7e-m+fp/hard/libg_nano.a(lib_a-readr.o)
 .data          0x0000000020000070        0x0 /usr/lib/gcc/arm-none-eabi/10.3.1/../../../arm-none-eabi/lib/thumb/v7e-m+fp/hard/libg_nano.a(lib_a-reent.o)
 .data          0x0000000020000070        0x0 /usr/lib/gcc/arm-none-eabi/10.3.1/../../../arm-none-eabi/lib/thumb/v7e-m+fp/hard/libg_nano.a(lib_a-nano-msizer.o)
                0x0000000020000070                . = ALIGN (0x4)
                0x0000000020000070                _edata = .
                0x000000000800349c                _data_loadaddr = LOADADDR (.data)

.igot.plt       0x0000000020000070        0x0 load address 0x000000000800350c
 .igot.plt      0x0000000020000070        0x0 /tmp/ccsNpUaN.o

.bss            0x0000000020000070      0x118 load address 0x000000000800350c
 *(.bss*)
 .bss           0x0000000020000070        0x0 /tmp/ccsNpUaN.o
 .bss           0x0000000020000070        0x0 /tmp/cc3sdho6.o
 .bss           0x0000000020000070        0x0 /tmp/ccvJLxc1.o
 .bss.s_shell   0x0000000020000070      0x108 /tmp/ccvJLxc1.o
 .bss           0x0000000020000178        0x0 /tmp/ccQqRDzl.o
 .bss           0x0000000020000178        0x0 /tmp/ccL3zm19.o
 .bss           0x0000000020000178        0x0 /tmp/ccfeoShc.o
 .bss           0x0000000020000178        0x0 /tmp/ccAf0XvI.o
 .bss.heap.0    0x0000000020000178        0x4 /tmp/ccAf0XvI.o
 .bss           0x000000002000017c        0x0 libopencm3/lib/libopencm3_stm32f4.a(gpio_common_f0234.o)
 .bss           0x000000002000017c        0x0 libopencm3/lib/libopencm3_stm32f4.a(rcc_common_all.o)
 .bss           0x000000002000017c        0x0 libopencm3/lib/libopencm3_stm32f4.a(usart_common_all.o)
 .bss           0x000000002000017c        0x0 libopencm3/lib/libopencm3_stm32f4.a(usart_common_f124.o)
 .bss           0x000000002000017c        0x0 libopencm3/lib/libopencm3_stm32f4.a(vector.o)
 .bss           0x000000002000017c        0x0 libopencm3/lib/libopencm3_stm32f4.a(rcc.o)
 .bss           0x000000002000017c        0x0 libopencm3/lib/libopencm3_stm32f4.a(flash_common_all.o)
 .bss           0x000000002000017c        0x0 libopencm3/lib/libopencm3_stm32f4.a(flash_common_idcache.o)
 .bss           0x000000002000017c        0x0 libopencm3/lib/libopencm3_stm32f4.a(pwr.o)
 .bss           0x000000002000017c        0x0 /usr/lib/gcc/arm-none-eabi/10.3.1/../../../arm-none-eabi/lib/thumb/v7e-m+fp/hard/libg_nano.a(lib_a-errno.o)
 .bss           0x000000002000017c        0x0 /usr/lib/gcc/arm-none-eabi/10.3.1/../../../arm-none-eabi/lib/thumb/v7e-m+fp/hard/libg_nano.a(lib_a-impure.o)
 .bss           0x000000002000017c        0x0 /usr/lib/gcc/arm-none-eabi/10.3.1/../../../arm-none-eabi/lib/thumb/v7e-m+fp/hard/libg_nano.a(lib_a-memset.o)
 .bss           0x000000002000017c        0x0 /usr/lib/gcc/arm-none-eabi/10.3.1/../../../arm-none-eabi/lib/thumb/v7e-m+fp/hard/libg_nano.a(lib_a-puts.o)
 .bss           0x000000002000017c        0x0 /usr/lib/gcc/arm-none-eabi/10.3.1/../../../arm-none-eabi/lib/thumb/v7e-m+fp/hard/libg_nano.a(lib_a-snprintf.o)
 .bss           0x000000002000017c        0x0 /usr/lib/gcc/arm-none-eabi/10.3.1/../../../arm-none-eabi/lib/thumb/v7e-m+fp/hard/libg_nano.a(lib_a-strcmp.o)
 .bss           0x000000002000017c        0x0 /usr/lib/gcc/arm-none-eabi/10.3.1/../../../arm-none-eabi/lib/thumb/v7e-m+fp/hard/libg_nano.a(lib_a-wbuf.o)
 .bss           0x000000002000017c        0x0 /usr/lib/gcc/arm-none-eabi/10.3.1/../../../arm-none-eabi/lib/thumb/v7e-m+fp/hard/libg_nano.a(lib_a-wsetup.o)
 .bss           0x000000002000017c        0x0 /usr/lib/gcc/arm-none-eabi/10.3.1/../../../arm-none-eabi/lib/thumb/v7e-m+fp/hard/libg_nano.a(lib_a-fflush.o)
 .bss           0x000000002000017c        0x0 /usr/lib/gcc/arm-none-eabi/10.3.1/../../../arm-none-eabi/lib/thumb/v7e-m+fp/hard/libg_nano.a(lib_a-findfp.o)
 .bss           0x000000002000017c        0x0 /usr/lib/gcc/arm-none-eabi/10.3.1/../../../arm-none-eabi/lib/thumb/v7e-m+fp/hard/libg_nano.a(lib_a-fwalk.o)
 .bss           0x000000002000017c        0x0 /usr/lib/gcc/arm-none-eabi/10.3.1/../../../arm-none-eabi/lib/thumb/v7e-m+fp/hard/libg_nano.a(lib_a-makebuf.o)
 .bss           0x000000002000017c        0x0 /usr/lib/gcc/arm-none-eabi/10.3.1/../../../arm-none-eabi/lib/thumb/v7e-m+fp/hard/libg_nano.a(lib_a-nano-freer.o)
 .bss           0x000000002000017c        0x8 /usr/lib/gcc/arm-none-eabi/10.3.1/../../../arm-none-eabi/lib/thumb/v7e-m+fp/hard/libg_nano.a(lib_a-nano-mallocr.o)
                0x000000002000017c                __malloc_free_list
                0x0000000020000180                __malloc_sbrk_start
 .bss           0x0000000020000184        0x0 /usr/lib/gcc/arm-none-eabi/10.3.1/../../../arm-none-eabi/lib/thumb/v7e-m+fp/hard/libg_nano.a(lib_a-nano-svfprintf.o)
 .bss           0x0000000020000184        0x0 /usr/lib/gcc/arm-none-eabi/10.3.1/../../../arm-none-eabi/lib/thumb/v7e-m+fp/hard/libg_nano.a(lib_a-nano-vfprintf_i.o)
 .bss           0x0000000020000184        0x0 /usr/lib/gcc/arm-none-eabi/10.3.1/../../../arm-none-eabi/lib/thumb/v7e-m+fp/hard/libg_nano.a(lib_a-sbrkr.o)
 .bss           0x0000000020000184        0x0 /usr/lib/gcc/arm-none-eabi/10.3.1/../../../arm-none-eabi/lib/thumb/v7e-m+fp/hard/libg_nano.a(lib_a-stdio.o)
 .bss           0x0000000020000184        0x0 /usr/lib/gcc/arm-none-eabi/10.3.1/../../../arm-none-eabi/lib/thumb/v7e-m+fp/hard/libg_nano.a(lib_a-writer.o)
 .bss           0x0000000020000184        0x0 /usr/lib/gcc/arm-none-eabi/10.3.1/../../../arm-none-eabi/lib/thumb/v7e-m+fp/hard/libg_nano.a(lib_a-closer.o)
 .bss           0x0000000020000184        0x0 /usr/lib/gcc/arm-none-eabi/10.3.1/../../../arm-none-eabi/lib/thumb/v7e-m+fp/hard/libg_nano.a(lib_a-fstatr.o)
 .bss           0x0000000020000184        0x0 /usr/lib/gcc/arm-none-eabi/10.3.1/../../../arm-none-eabi/lib/thumb/v7e-m+fp/hard/libg_nano.a(lib_a-isattyr.o)
 .bss           0x0000000020000184        0x0 /usr/lib/gcc/arm-none-eabi/10.3.1/../../../arm-none-eabi/lib/thumb/v7e-m+fp/hard/libg_nano.a(lib_a-lseekr.o)
 .bss           0x0000000020000184        0x0 /usr/lib/gcc/arm-none-eabi/10.3.1/../../../arm-none-eabi/lib/thumb/v7e-m+fp/hard/libg_nano.a(lib_a-memchr.o)
 .bss           0x0000000020000184        0x0 /usr/lib/gcc/arm-none-eabi/10.3.1/../../../arm-none-eabi/lib/thumb/v7e-m+fp/hard/libg_nano.a(lib_a-memcpy.o)
 .bss           0x0000000020000184        0x0 /usr/lib/gcc/arm-none-eabi/10.3.1/../../../arm-none-eabi/lib/thumb/v7e-m+fp/hard/libg_nano.a(lib_a-memmove.o)
 .bss           0x0000000020000184        0x0 /usr/lib/gcc/arm-none-eabi/10.3.1/../../../arm-none-eabi/lib/thumb/v7e-m+fp/hard/libg_nano.a(lib_a-mlock.o)
 .bss           0x0000000020000184        0x0 /usr/lib/gcc/arm-none-eabi/10.3.1/../../../arm-none-eabi/lib/thumb/v7e-m+fp/hard/libg_nano.a(lib_a-nano-reallocr.o)
 .bss           0x0000000020000184        0x0 /usr/lib/gcc/arm-none-eabi/10.3.1/../../../arm-none-eabi/lib/thumb/v7e-m+fp/hard/libg_nano.a(lib_a-readr.o)
 .bss           0x0000000020000184        0x4 /usr/lib/gcc/arm-none-eabi/10.3.1/../../../arm-none-eabi/lib/thumb/v7e-m+fp/hard/libg_nano.a(lib_a-reent.o)
                0x0000000020000184                errno
 .bss           0x0000000020000188        0x0 /usr/lib/gcc/arm-none-eabi/10.3.1/../../../arm-none-eabi/lib/thumb/v7e-m+fp/hard/libg_nano.a(lib_a-nano-msizer.o)
 *(COMMON)
                0x0000000020000188                . = ALIGN (0x4)
                0x0000000020000188                _ebss = .

.noinit
 *(*.mflt_coredump)

/DISCARD/
 *(.eh_frame)
                0x0000000020000188                . = ALIGN (0x4)
                0x0000000020000188                end = .
                0x0000000020010000                PROVIDE (_stack = (ORIGIN (ram) + LENGTH (ram)))
                0x0000000008000000                __rom_start__ = ORIGIN (rom)
                0x0000000000100000                __rom_size__ = LENGTH (rom)
OUTPUT(build/renode-example.elf elf32-littlearm)
LOAD linker stubs

.debug_info     0x0000000000000000    0x1421b
 .debug_info    0x0000000000000000       0xe9 /tmp/ccsNpUaN.o
 .debug_info    0x00000000000000e9      0x292 /tmp/cc3sdho6.o
 .debug_info    0x000000000000037b      0x460 /tmp/ccvJLxc1.o
 .debug_info    0x00000000000007db      0x4c8 /tmp/ccQqRDzl.o
 .debug_info    0x0000000000000ca3       0x7e /tmp/ccL3zm19.o
 .debug_info    0x0000000000000d21       0xf4 /tmp/ccfeoShc.o
 .debug_info    0x0000000000000e15      0x4d1 /tmp/ccAf0XvI.o
 .debug_info    0x00000000000012e6      0x20f libopencm3/lib/libopencm3_stm32f4.a(gpio_common_f0234.o)
 .debug_info    0x00000000000014f5      0x950 libopencm3/lib/libopencm3_stm32f4.a(rcc_common_all.o)
 .debug_info    0x0000000000001e45      0x68e libopencm3/lib/libopencm3_stm32f4.a(usart_common_all.o)
 .debug_info    0x00000000000024d3      0x186 libopencm3/lib/libopencm3_stm32f4.a(usart_common_f124.o)
 .debug_info    0x0000000000002659      0x2e6 libopencm3/lib/libopencm3_stm32f4.a(vector.o)
 .debug_info    0x000000000000293f     0x1027 libopencm3/lib/libopencm3_stm32f4.a(rcc.o)
 .debug_info    0x0000000000003966       0xf0 libopencm3/lib/libopencm3_stm32f4.a(flash_common_all.o)
 .debug_info    0x0000000000003a56       0xe8 libopencm3/lib/libopencm3_stm32f4.a(flash_common_idcache.o)
 .debug_info    0x0000000000003b3e       0xdc libopencm3/lib/libopencm3_stm32f4.a(pwr.o)
 .debug_info    0x0000000000003c1a      0x7ae /usr/lib/gcc/arm-none-eabi/10.3.1/../../../arm-none-eabi/lib/thumb/v7e-m+fp/hard/libg_nano.a(lib_a-errno.o)
 .debug_info    0x00000000000043c8      0x863 /usr/lib/gcc/arm-none-eabi/10.3.1/../../../arm-none-eabi/lib/thumb/v7e-m+fp/hard/libg_nano.a(lib_a-impure.o)
 .debug_info    0x0000000000004c2b      0x137 /usr/lib/gcc/arm-none-eabi/10.3.1/../../../arm-none-eabi/lib/thumb/v7e-m+fp/hard/libg_nano.a(lib_a-memset.o)
 .debug_info    0x0000000000004d62      0xa41 /usr/lib/gcc/arm-none-eabi/10.3.1/../../../arm-none-eabi/lib/thumb/v7e-m+fp/hard/libg_nano.a(lib_a-puts.o)
 .debug_info    0x00000000000057a3      0x9b5 /usr/lib/gcc/arm-none-eabi/10.3.1/../../../arm-none-eabi/lib/thumb/v7e-m+fp/hard/libg_nano.a(lib_a-snprintf.o)
 .debug_info    0x0000000000006158       0x26 /usr/lib/gcc/arm-none-eabi/10.3.1/../../../arm-none-eabi/lib/thumb/v7e-m+fp/hard/libg_nano.a(lib_a-strcmp.o)
 .debug_info    0x000000000000617e      0x998 /usr/lib/gcc/arm-none-eabi/10.3.1/../../../arm-none-eabi/lib/thumb/v7e-m+fp/hard/libg_nano.a(lib_a-wbuf.o)
 .debug_info    0x0000000000006b16      0x902 /usr/lib/gcc/arm-none-eabi/10.3.1/../../../arm-none-eabi/lib/thumb/v7e-m+fp/hard/libg_nano.a(lib_a-wsetup.o)
 .debug_info    0x0000000000007418      0xb0d /usr/lib/gcc/arm-none-eabi/10.3.1/../../../arm-none-eabi/lib/thumb/v7e-m+fp/hard/libg_nano.a(lib_a-fflush.o)
 .debug_info    0x0000000000007f25      0xfae /usr/lib/gcc/arm-none-eabi/10.3.1/../../../arm-none-eabi/lib/thumb/v7e-m+fp/hard/libg_nano.a(lib_a-findfp.o)
 .debug_info    0x0000000000008ed3      0x900 /usr/lib/gcc/arm-none-eabi/10.3.1/../../../arm-none-eabi/lib/thumb/v7e-m+fp/hard/libg_nano.a(lib_a-fwalk.o)
 .debug_info    0x00000000000097d3      0xc8a /usr/lib/gcc/arm-none-eabi/10.3.1/../../../arm-none-eabi/lib/thumb/v7e-m+fp/hard/libg_nano.a(lib_a-makebuf.o)
 .debug_info    0x000000000000a45d      0x903 /usr/lib/gcc/arm-none-eabi/10.3.1/../../../arm-none-eabi/lib/thumb/v7e-m+fp/hard/libg_nano.a(lib_a-nano-freer.o)
 .debug_info    0x000000000000ad60      0xa0c /usr/lib/gcc/arm-none-eabi/10.3.1/../../../arm-none-eabi/lib/thumb/v7e-m+fp/hard/libg_nano.a(lib_a-nano-mallocr.o)
 .debug_info    0x000000000000b76c     0x10d5 /usr/lib/gcc/arm-none-eabi/10.3.1/../../../arm-none-eabi/lib/thumb/v7e-m+fp/hard/libg_nano.a(lib_a-nano-svfprintf.o)
 .debug_info    0x000000000000c841      0xe9e /usr/lib/gcc/arm-none-eabi/10.3.1/../../../arm-none-eabi/lib/thumb/v7e-m+fp/hard/libg_nano.a(lib_a-nano-vfprintf_i.o)
 .debug_info    0x000000000000d6df      0x828 /usr/lib/gcc/arm-none-eabi/10.3.1/../../../arm-none-eabi/lib/thumb/v7e-m+fp/hard/libg_nano.a(lib_a-sbrkr.o)
 .debug_info    0x000000000000df07      0xabc /usr/lib/gcc/arm-none-eabi/10.3.1/../../../arm-none-eabi/lib/thumb/v7e-m+fp/hard/libg_nano.a(lib_a-stdio.o)
 .debug_info    0x000000000000e9c3      0x85a /usr/lib/gcc/arm-none-eabi/10.3.1/../../../arm-none-eabi/lib/thumb/v7e-m+fp/hard/libg_nano.a(lib_a-writer.o)
 .debug_info    0x000000000000f21d      0x805 /usr/lib/gcc/arm-none-eabi/10.3.1/../../../arm-none-eabi/lib/thumb/v7e-m+fp/hard/libg_nano.a(lib_a-closer.o)
 .debug_info    0x000000000000fa22      0xa1d /usr/lib/gcc/arm-none-eabi/10.3.1/../../../arm-none-eabi/lib/thumb/v7e-m+fp/hard/libg_nano.a(lib_a-fstatr.o)
 .debug_info    0x000000000001043f      0x805 /usr/lib/gcc/arm-none-eabi/10.3.1/../../../arm-none-eabi/lib/thumb/v7e-m+fp/hard/libg_nano.a(lib_a-isattyr.o)
 .debug_info    0x0000000000010c44      0x83b /usr/lib/gcc/arm-none-eabi/10.3.1/../../../arm-none-eabi/lib/thumb/v7e-m+fp/hard/libg_nano.a(lib_a-lseekr.o)
 .debug_info    0x000000000001147f       0x26 /usr/lib/gcc/arm-none-eabi/10.3.1/../../../arm-none-eabi/lib/thumb/v7e-m+fp/hard/libg_nano.a(lib_a-memchr.o)
 .debug_info    0x00000000000114a5       0x26 /usr/lib/gcc/arm-none-eabi/10.3.1/../../../arm-none-eabi/lib/thumb/v7e-m+fp/hard/libg_nano.a(lib_a-memcpy.o)
 .debug_info    0x00000000000114cb      0x152 /usr/lib/gcc/arm-none-eabi/10.3.1/../../../arm-none-eabi/lib/thumb/v7e-m+fp/hard/libg_nano.a(lib_a-memmove.o)
 .debug_info    0x000000000001161d      0x7dc /usr/lib/gcc/arm-none-eabi/10.3.1/../../../arm-none-eabi/lib/thumb/v7e-m+fp/hard/libg_nano.a(lib_a-mlock.o)
 .debug_info    0x0000000000011df9      0x911 /usr/lib/gcc/arm-none-eabi/10.3.1/../../../arm-none-eabi/lib/thumb/v7e-m+fp/hard/libg_nano.a(lib_a-nano-reallocr.o)
 .debug_info    0x000000000001270a      0x853 /usr/lib/gcc/arm-none-eabi/10.3.1/../../../arm-none-eabi/lib/thumb/v7e-m+fp/hard/libg_nano.a(lib_a-readr.o)
 .debug_info    0x0000000000012f5d      0xa7e /usr/lib/gcc/arm-none-eabi/10.3.1/../../../arm-none-eabi/lib/thumb/v7e-m+fp/hard/libg_nano.a(lib_a-reent.o)
 .debug_info    0x00000000000139db      0x840 /usr/lib/gcc/arm-none-eabi/10.3.1/../../../arm-none-eabi/lib/thumb/v7e-m+fp/hard/libg_nano.a(lib_a-nano-msizer.o)

.debug_abbrev   0x0000000000000000     0x471c
 .debug_abbrev  0x0000000000000000       0xb4 /tmp/ccsNpUaN.o
 .debug_abbrev  0x00000000000000b4      0x125 /tmp/cc3sdho6.o
 .debug_abbrev  0x00000000000001d9      0x1ad /tmp/ccvJLxc1.o
 .debug_abbrev  0x0000000000000386       0x62 /tmp/ccQqRDzl.o
 .debug_abbrev  0x00000000000003e8       0x44 /tmp/ccL3zm19.o
 .debug_abbrev  0x000000000000042c       0x93 /tmp/ccfeoShc.o
 .debug_abbrev  0x00000000000004bf      0x17c /tmp/ccAf0XvI.o
 .debug_abbrev  0x000000000000063b       0xbf libopencm3/lib/libopencm3_stm32f4.a(gpio_common_f0234.o)
 .debug_abbrev  0x00000000000006fa      0x177 libopencm3/lib/libopencm3_stm32f4.a(rcc_common_all.o)
 .debug_abbrev  0x0000000000000871      0x16d libopencm3/lib/libopencm3_stm32f4.a(usart_common_all.o)
 .debug_abbrev  0x00000000000009de       0xb5 libopencm3/lib/libopencm3_stm32f4.a(usart_common_f124.o)
 .debug_abbrev  0x0000000000000a93      0x15b libopencm3/lib/libopencm3_stm32f4.a(vector.o)
 .debug_abbrev  0x0000000000000bee      0x2ba libopencm3/lib/libopencm3_stm32f4.a(rcc.o)
 .debug_abbrev  0x0000000000000ea8       0x9a libopencm3/lib/libopencm3_stm32f4.a(flash_common_all.o)
 .debug_abbrev  0x0000000000000f42       0x56 libopencm3/lib/libopencm3_stm32f4.a(flash_common_idcache.o)
 .debug_abbrev  0x0000000000000f98       0x9c libopencm3/lib/libopencm3_stm32f4.a(pwr.o)
 .debug_abbrev  0x0000000000001034      0x157 /usr/lib/gcc/arm-none-eabi/10.3.1/../../../arm-none-eabi/lib/thumb/v7e-m+fp/hard/libg_nano.a(lib_a-errno.o)
 .debug_abbrev  0x000000000000118b      0x151 /usr/lib/gcc/arm-none-eabi/10.3.1/../../../arm-none-eabi/lib/thumb/v7e-m+fp/hard/libg_nano.a(lib_a-impure.o)
 .debug_abbrev  0x00000000000012dc       0xb4 /usr/lib/gcc/arm-none-eabi/10.3.1/../../../arm-none-eabi/lib/thumb/v7e-m+fp/hard/libg_nano.a(lib_a-memset.o)
 .debug_abbrev  0x0000000000001390      0x28e /usr/lib/gcc/arm-none-eabi/10.3.1/../../../arm-none-eabi/lib/thumb/v7e-m+fp/hard/libg_nano.a(lib_a-puts.o)
 .debug_abbrev  0x000000000000161e      0x216 /usr/lib/gcc/arm-none-eabi/10.3.1/../../../arm-none-eabi/lib/thumb/v7e-m+fp/hard/libg_nano.a(lib_a-snprintf.o)
 .debug_abbrev  0x0000000000001834       0x14 /usr/lib/gcc/arm-none-eabi/10.3.1/../../../arm-none-eabi/lib/thumb/v7e-m+fp/hard/libg_nano.a(lib_a-strcmp.o)
 .debug_abbrev  0x0000000000001848      0x21f /usr/lib/gcc/arm-none-eabi/10.3.1/../../../arm-none-eabi/lib/thumb/v7e-m+fp/hard/libg_nano.a(lib_a-wbuf.o)
 .debug_abbrev  0x0000000000001a67      0x1d4 /usr/lib/gcc/arm-none-eabi/10.3.1/../../../arm-none-eabi/lib/thumb/v7e-m+fp/hard/libg_nano.a(lib_a-wsetup.o)
 .debug_abbrev  0x0000000000001c3b      0x2dd /usr/lib/gcc/arm-none-eabi/10.3.1/../../../arm-none-eabi/lib/thumb/v7e-m+fp/hard/libg_nano.a(lib_a-fflush.o)
 .debug_abbrev  0x0000000000001f18      0x3cd /usr/lib/gcc/arm-none-eabi/10.3.1/../../../arm-none-eabi/lib/thumb/v7e-m+fp/hard/libg_nano.a(lib_a-findfp.o)
 .debug_abbrev  0x00000000000022e5      0x197 /usr/lib/gcc/arm-none-eabi/10.3.1/../../../arm-none-eabi/lib/thumb/v7e-m+fp/hard/libg_nano.a(lib_a-fwalk.o)
 .debug_abbrev  0x000000000000247c      0x278 /usr/lib/gcc/arm-none-eabi/10.3.1/../../../arm-none-eabi/lib/thumb/v7e-m+fp/hard/libg_nano.a(lib_a-makebuf.o)
 .debug_abbrev  0x00000000000026f4      0x235 /usr/lib/gcc/arm-none-eabi/10.3.1/../../../arm-none-eabi/lib/thumb/v7e-m+fp/hard/libg_nano.a(lib_a-nano-freer.o)
 .debug_abbrev  0x0000000000002929      0x290 /usr/lib/gcc/arm-none-eabi/10.3.1/../../../arm-none-eabi/lib/thumb/v7e-m+fp/hard/libg_nano.a(lib_a-nano-mallocr.o)
 .debug_abbrev  0x0000000000002bb9      0x2ca /usr/lib/gcc/arm-none-eabi/10.3.1/../../../arm-none-eabi/lib/thumb/v7e-m+fp/hard/libg_nano.a(lib_a-nano-svfprintf.o)
 .debug_abbrev  0x0000000000002e83      0x25c /usr/lib/gcc/arm-none-eabi/10.3.1/../../../arm-none-eabi/lib/thumb/v7e-m+fp/hard/libg_nano.a(lib_a-nano-vfprintf_i.o)
 .debug_abbrev  0x00000000000030df      0x1d6 /usr/lib/gcc/arm-none-eabi/10.3.1/../../../arm-none-eabi/lib/thumb/v7e-m+fp/hard/libg_nano.a(lib_a-sbrkr.o)
 .debug_abbrev  0x00000000000032b5      0x1fb /usr/lib/gcc/arm-none-eabi/10.3.1/../../../arm-none-eabi/lib/thumb/v7e-m+fp/hard/libg_nano.a(lib_a-stdio.o)
 .debug_abbrev  0x00000000000034b0      0x1b0 /usr/lib/gcc/arm-none-eabi/10.3.1/../../../arm-none-eabi/lib/thumb/v7e-m+fp/hard/libg_nano.a(lib_a-writer.o)
 .debug_abbrev  0x0000000000003660      0x1ab /usr/lib/gcc/arm-none-eabi/10.3.1/../../../arm-none-eabi/lib/thumb/v7e-m+fp/hard/libg_nano.a(lib_a-closer.o)
 .debug_abbrev  0x000000000000380b      0x1bf /usr/lib/gcc/arm-none-eabi/10.3.1/../../../arm-none-eabi/lib/thumb/v7e-m+fp/hard/libg_nano.a(lib_a-fstatr.o)
 .debug_abbrev  0x00000000000039ca      0x1ab /usr/lib/gcc/arm-none-eabi/10.3.1/../../../arm-none-eabi/lib/thumb/v7e-m+fp/hard/libg_nano.a(lib_a-isattyr.o)
 .debug_abbrev  0x0000000000003b75      0x1bf /usr/lib/gcc/arm-none-eabi/10.3.1/../../../arm-none-eabi/lib/thumb/v7e-m+fp/hard/libg_nano.a(lib_a-lseekr.o)
 .debug_abbrev  0x0000000000003d34       0x14 /usr/lib/gcc/arm-none-eabi/10.3.1/../../../arm-none-eabi/lib/thumb/v7e-m+fp/hard/libg_nano.a(lib_a-memchr.o)
 .debug_abbrev  0x0000000000003d48       0x14 /usr/lib/gcc/arm-none-eabi/10.3.1/../../../arm-none-eabi/lib/thumb/v7e-m+fp/hard/libg_nano.a(lib_a-memcpy.o)
 .debug_abbrev  0x0000000000003d5c       0xc0 /usr/lib/gcc/arm-none-eabi/10.3.1/../../../arm-none-eabi/lib/thumb/v7e-m+fp/hard/libg_nano.a(lib_a-memmove.o)
 .debug_abbrev  0x0000000000003e1c      0x189 /usr/lib/gcc/arm-none-eabi/10.3.1/../../../arm-none-eabi/lib/thumb/v7e-m+fp/hard/libg_nano.a(lib_a-mlock.o)
 .debug_abbrev  0x0000000000003fa5      0x1d6 /usr/lib/gcc/arm-none-eabi/10.3.1/../../../arm-none-eabi/lib/thumb/v7e-m+fp/hard/libg_nano.a(lib_a-nano-reallocr.o)
 .debug_abbrev  0x000000000000417b      0x1ab /usr/lib/gcc/arm-none-eabi/10.3.1/../../../arm-none-eabi/lib/thumb/v7e-m+fp/hard/libg_nano.a(lib_a-readr.o)
 .debug_abbrev  0x0000000000004326      0x265 /usr/lib/gcc/arm-none-eabi/10.3.1/../../../arm-none-eabi/lib/thumb/v7e-m+fp/hard/libg_nano.a(lib_a-reent.o)
 .debug_abbrev  0x000000000000458b      0x191 /usr/lib/gcc/arm-none-eabi/10.3.1/../../../arm-none-eabi/lib/thumb/v7e-m+fp/hard/libg_nano.a(lib_a-nano-msizer.o)

.debug_aranges  0x0000000000000000      0x938
 .debug_aranges
                0x0000000000000000       0x20 /tmp/ccsNpUaN.o
 .debug_aranges
                0x0000000000000020       0x38 /tmp/cc3sdho6.o
 .debug_aranges
                0x0000000000000058       0x88 /tmp/ccvJLxc1.o
 .debug_aranges
                0x00000000000000e0       0x20 /tmp/ccQqRDzl.o
 .debug_aranges
                0x0000000000000100       0x20 /tmp/ccL3zm19.o
 .debug_aranges
                0x0000000000000120       0x38 /tmp/ccfeoShc.o
 .debug_aranges
                0x0000000000000158       0x68 /tmp/ccAf0XvI.o
 .debug_aranges
                0x00000000000001c0       0x30 libopencm3/lib/libopencm3_stm32f4.a(gpio_common_f0234.o)
 .debug_aranges
                0x00000000000001f0       0x60 libopencm3/lib/libopencm3_stm32f4.a(rcc_common_all.o)
 .debug_aranges
                0x0000000000000250       0xf0 libopencm3/lib/libopencm3_stm32f4.a(usart_common_all.o)
 .debug_aranges
                0x0000000000000340       0x40 libopencm3/lib/libopencm3_stm32f4.a(usart_common_f124.o)
 .debug_aranges
                0x0000000000000380       0x30 libopencm3/lib/libopencm3_stm32f4.a(vector.o)
 .debug_aranges
                0x00000000000003b0      0x110 libopencm3/lib/libopencm3_stm32f4.a(rcc.o)
 .debug_aranges
                0x00000000000004c0       0x38 libopencm3/lib/libopencm3_stm32f4.a(flash_common_all.o)
 .debug_aranges
                0x00000000000004f8       0x48 libopencm3/lib/libopencm3_stm32f4.a(flash_common_idcache.o)
 .debug_aranges
                0x0000000000000540       0x20 libopencm3/lib/libopencm3_stm32f4.a(pwr.o)
 .debug_aranges
                0x0000000000000560       0x20 /usr/lib/gcc/arm-none-eabi/10.3.1/../../../arm-none-eabi/lib/thumb/v7e-m+fp/hard/libg_nano.a(lib_a-errno.o)
 .debug_aranges
                0x0000000000000580       0x18 /usr/lib/gcc/arm-none-eabi/10.3.1/../../../arm-none-eabi/lib/thumb/v7e-m+fp/hard/libg_nano.a(lib_a-impure.o)
 .debug_aranges
                0x0000000000000598       0x20 /usr/lib/gcc/arm-none-eabi/10.3.1/../../../arm-none-eabi/lib/thumb/v7e-m+fp/hard/libg_nano.a(lib_a-memset.o)
 .debug_aranges
                0x00000000000005b8       0x20 /usr/lib/gcc/arm-none-eabi/10.3.1/../../../arm-none-eabi/lib/thumb/v7e-m+fp/hard/libg_nano.a(lib_a-puts.o)
 .debug_aranges
                0x00000000000005d8       0x20 /usr/lib/gcc/arm-none-eabi/10.3.1/../../../arm-none-eabi/lib/thumb/v7e-m+fp/hard/libg_nano.a(lib_a-snprintf.o)
 .debug_aranges
                0x00000000000005f8       0x20 /usr/lib/gcc/arm-none-eabi/10.3.1/../../../arm-none-eabi/lib/thumb/v7e-m+fp/hard/libg_nano.a(lib_a-strcmp.o)
 .debug_aranges
                0x0000000000000618       0x20 /usr/lib/gcc/arm-none-eabi/10.3.1/../../../arm-none-eabi/lib/thumb/v7e-m+fp/hard/libg_nano.a(lib_a-wbuf.o)
 .debug_aranges
                0x0000000000000638       0x20 /usr/lib/gcc/arm-none-eabi/10.3.1/../../../arm-none-eabi/lib/thumb/v7e-m+fp/hard/libg_nano.a(lib_a-wsetup.o)
 .debug_aranges
                0x0000000000000658       0x20 /usr/lib/gcc/arm-none-eabi/10.3.1/../../../arm-none-eabi/lib/thumb/v7e-m+fp/hard/libg_nano.a(lib_a-fflush.o)
 .debug_aranges
                0x0000000000000678       0x20 /usr/lib/gcc/arm-none-eabi/10.3.1/../../../arm-none-eabi/lib/thumb/v7e-m+fp/hard/libg_nano.a(lib_a-findfp.o)
 .debug_aranges
                0x0000000000000698       0x20 /usr/lib/gcc/arm-none-eabi/10.3.1/../../../arm-none-eabi/lib/thumb/v7e-m+fp/hard/libg_nano.a(lib_a-fwalk.o)
 .debug_aranges
                0x00000000000006b8       0x20 /usr/lib/gcc/arm-none-eabi/10.3.1/../../../arm-none-eabi/lib/thumb/v7e-m+fp/hard/libg_nano.a(lib_a-makebuf.o)
 .debug_aranges
                0x00000000000006d8       0x20 /usr/lib/gcc/arm-none-eabi/10.3.1/../../../arm-none-eabi/lib/thumb/v7e-m+fp/hard/libg_nano.a(lib_a-nano-freer.o)
 .debug_aranges
                0x00000000000006f8       0x20 /usr/lib/gcc/arm-none-eabi/10.3.1/../../../arm-none-eabi/lib/thumb/v7e-m+fp/hard/libg_nano.a(lib_a-nano-mallocr.o)
 .debug_aranges
                0x0000000000000718       0x20 /usr/lib/gcc/arm-none-eabi/10.3.1/../../../arm-none-eabi/lib/thumb/v7e-m+fp/hard/libg_nano.a(lib_a-nano-svfprintf.o)
 .debug_aranges
                0x0000000000000738       0x20 /usr/lib/gcc/arm-none-eabi/10.3.1/../../../arm-none-eabi/lib/thumb/v7e-m+fp/hard/libg_nano.a(lib_a-nano-vfprintf_i.o)
 .debug_aranges
                0x0000000000000758       0x20 /usr/lib/gcc/arm-none-eabi/10.3.1/../../../arm-none-eabi/lib/thumb/v7e-m+fp/hard/libg_nano.a(lib_a-sbrkr.o)
 .debug_aranges
                0x0000000000000778       0x20 /usr/lib/gcc/arm-none-eabi/10.3.1/../../../arm-none-eabi/lib/thumb/v7e-m+fp/hard/libg_nano.a(lib_a-stdio.o)
 .debug_aranges
                0x0000000000000798       0x20 /usr/lib/gcc/arm-none-eabi/10.3.1/../../../arm-none-eabi/lib/thumb/v7e-m+fp/hard/libg_nano.a(lib_a-writer.o)
 .debug_aranges
                0x00000000000007b8       0x20 /usr/lib/gcc/arm-none-eabi/10.3.1/../../../arm-none-eabi/lib/thumb/v7e-m+fp/hard/libg_nano.a(lib_a-closer.o)
 .debug_aranges
                0x00000000000007d8       0x20 /usr/lib/gcc/arm-none-eabi/10.3.1/../../../arm-none-eabi/lib/thumb/v7e-m+fp/hard/libg_nano.a(lib_a-fstatr.o)
 .debug_aranges
                0x00000000000007f8       0x20 /usr/lib/gcc/arm-none-eabi/10.3.1/../../../arm-none-eabi/lib/thumb/v7e-m+fp/hard/libg_nano.a(lib_a-isattyr.o)
 .debug_aranges
                0x0000000000000818       0x20 /usr/lib/gcc/arm-none-eabi/10.3.1/../../../arm-none-eabi/lib/thumb/v7e-m+fp/hard/libg_nano.a(lib_a-lseekr.o)
 .debug_aranges
                0x0000000000000838       0x20 /usr/lib/gcc/arm-none-eabi/10.3.1/../../../arm-none-eabi/lib/thumb/v7e-m+fp/hard/libg_nano.a(lib_a-memchr.o)
 .debug_aranges
                0x0000000000000858       0x20 /usr/lib/gcc/arm-none-eabi/10.3.1/../../../arm-none-eabi/lib/thumb/v7e-m+fp/hard/libg_nano.a(lib_a-memcpy.o)
 .debug_aranges
                0x0000000000000878       0x20 /usr/lib/gcc/arm-none-eabi/10.3.1/../../../arm-none-eabi/lib/thumb/v7e-m+fp/hard/libg_nano.a(lib_a-memmove.o)
 .debug_aranges
                0x0000000000000898       0x20 /usr/lib/gcc/arm-none-eabi/10.3.1/../../../arm-none-eabi/lib/thumb/v7e-m+fp/hard/libg_nano.a(lib_a-mlock.o)
 .debug_aranges
                0x00000000000008b8       0x20 /usr/lib/gcc/arm-none-eabi/10.3.1/../../../arm-none-eabi/lib/thumb/v7e-m+fp/hard/libg_nano.a(lib_a-nano-reallocr.o)
 .debug_aranges
                0x00000000000008d8       0x20 /usr/lib/gcc/arm-none-eabi/10.3.1/../../../arm-none-eabi/lib/thumb/v7e-m+fp/hard/libg_nano.a(lib_a-readr.o)
 .debug_aranges
                0x00000000000008f8       0x20 /usr/lib/gcc/arm-none-eabi/10.3.1/../../../arm-none-eabi/lib/thumb/v7e-m+fp/hard/libg_nano.a(lib_a-reent.o)
 .debug_aranges
                0x0000000000000918       0x20 /usr/lib/gcc/arm-none-eabi/10.3.1/../../../arm-none-eabi/lib/thumb/v7e-m+fp/hard/libg_nano.a(lib_a-nano-msizer.o)

.debug_ranges   0x0000000000000000      0x880
 .debug_ranges  0x0000000000000000       0x10 /tmp/ccsNpUaN.o
 .debug_ranges  0x0000000000000010       0x28 /tmp/cc3sdho6.o
 .debug_ranges  0x0000000000000038       0x78 /tmp/ccvJLxc1.o
 .debug_ranges  0x00000000000000b0       0x10 /tmp/ccQqRDzl.o
 .debug_ranges  0x00000000000000c0       0x10 /tmp/ccL3zm19.o
 .debug_ranges  0x00000000000000d0       0x28 /tmp/ccfeoShc.o
 .debug_ranges  0x00000000000000f8       0x58 /tmp/ccAf0XvI.o
 .debug_ranges  0x0000000000000150       0x20 libopencm3/lib/libopencm3_stm32f4.a(gpio_common_f0234.o)
 .debug_ranges  0x0000000000000170       0x50 libopencm3/lib/libopencm3_stm32f4.a(rcc_common_all.o)
 .debug_ranges  0x00000000000001c0       0xe0 libopencm3/lib/libopencm3_stm32f4.a(usart_common_all.o)
 .debug_ranges  0x00000000000002a0       0x30 libopencm3/lib/libopencm3_stm32f4.a(usart_common_f124.o)
 .debug_ranges  0x00000000000002d0       0x20 libopencm3/lib/libopencm3_stm32f4.a(vector.o)
 .debug_ranges  0x00000000000002f0      0x148 libopencm3/lib/libopencm3_stm32f4.a(rcc.o)
 .debug_ranges  0x0000000000000438       0x28 libopencm3/lib/libopencm3_stm32f4.a(flash_common_all.o)
 .debug_ranges  0x0000000000000460       0x38 libopencm3/lib/libopencm3_stm32f4.a(flash_common_idcache.o)
 .debug_ranges  0x0000000000000498       0x10 libopencm3/lib/libopencm3_stm32f4.a(pwr.o)
 .debug_ranges  0x00000000000004a8       0x58 /usr/lib/gcc/arm-none-eabi/10.3.1/../../../arm-none-eabi/lib/thumb/v7e-m+fp/hard/libg_nano.a(lib_a-puts.o)
 .debug_ranges  0x0000000000000500       0x20 /usr/lib/gcc/arm-none-eabi/10.3.1/../../../arm-none-eabi/lib/thumb/v7e-m+fp/hard/libg_nano.a(lib_a-wbuf.o)
 .debug_ranges  0x0000000000000520       0x30 /usr/lib/gcc/arm-none-eabi/10.3.1/../../../arm-none-eabi/lib/thumb/v7e-m+fp/hard/libg_nano.a(lib_a-wsetup.o)
 .debug_ranges  0x0000000000000550       0xb8 /usr/lib/gcc/arm-none-eabi/10.3.1/../../../arm-none-eabi/lib/thumb/v7e-m+fp/hard/libg_nano.a(lib_a-fflush.o)
 .debug_ranges  0x0000000000000608       0xc8 /usr/lib/gcc/arm-none-eabi/10.3.1/../../../arm-none-eabi/lib/thumb/v7e-m+fp/hard/libg_nano.a(lib_a-findfp.o)
 .debug_ranges  0x00000000000006d0       0x78 /usr/lib/gcc/arm-none-eabi/10.3.1/../../../arm-none-eabi/lib/thumb/v7e-m+fp/hard/libg_nano.a(lib_a-makebuf.o)
 .debug_ranges  0x0000000000000748       0x20 /usr/lib/gcc/arm-none-eabi/10.3.1/../../../arm-none-eabi/lib/thumb/v7e-m+fp/hard/libg_nano.a(lib_a-nano-freer.o)
 .debug_ranges  0x0000000000000768       0x38 /usr/lib/gcc/arm-none-eabi/10.3.1/../../../arm-none-eabi/lib/thumb/v7e-m+fp/hard/libg_nano.a(lib_a-nano-mallocr.o)
 .debug_ranges  0x00000000000007a0       0x40 /usr/lib/gcc/arm-none-eabi/10.3.1/../../../arm-none-eabi/lib/thumb/v7e-m+fp/hard/libg_nano.a(lib_a-nano-svfprintf.o)
 .debug_ranges  0x00000000000007e0       0xa0 /usr/lib/gcc/arm-none-eabi/10.3.1/../../../arm-none-eabi/lib/thumb/v7e-m+fp/hard/libg_nano.a(lib_a-nano-vfprintf_i.o)

.debug_line     0x0000000000000000     0x7857
 .debug_line    0x0000000000000000       0x6f /tmp/ccsNpUaN.o
 .debug_line    0x000000000000006f       0xf2 /tmp/cc3sdho6.o
 .debug_line    0x0000000000000161      0x36e /tmp/ccvJLxc1.o
 .debug_line    0x00000000000004cf       0x75 /tmp/ccQqRDzl.o
 .debug_line    0x0000000000000544       0x42 /tmp/ccL3zm19.o
 .debug_line    0x0000000000000586       0xc8 /tmp/ccfeoShc.o
 .debug_line    0x000000000000064e      0x1fc /tmp/ccAf0XvI.o
 .debug_line    0x000000000000084a      0x38e libopencm3/lib/libopencm3_stm32f4.a(gpio_common_f0234.o)
 .debug_line    0x0000000000000bd8      0x305 libopencm3/lib/libopencm3_stm32f4.a(rcc_common_all.o)
 .debug_line    0x0000000000000edd      0x580 libopencm3/lib/libopencm3_stm32f4.a(usart_common_all.o)
 .debug_line    0x000000000000145d      0x2ab libopencm3/lib/libopencm3_stm32f4.a(usart_common_f124.o)
 .debug_line    0x0000000000001708      0x322 libopencm3/lib/libopencm3_stm32f4.a(vector.o)
 .debug_line    0x0000000000001a2a      0x992 libopencm3/lib/libopencm3_stm32f4.a(rcc.o)
 .debug_line    0x00000000000023bc      0x246 libopencm3/lib/libopencm3_stm32f4.a(flash_common_all.o)
 .debug_line    0x0000000000002602      0x25f libopencm3/lib/libopencm3_stm32f4.a(flash_common_idcache.o)
 .debug_line    0x0000000000002861      0x18c libopencm3/lib/libopencm3_stm32f4.a(pwr.o)
 .debug_line    0x00000000000029ed      0x109 /usr/lib/gcc/arm-none-eabi/10.3.1/../../../arm-none-eabi/lib/thumb/v7e-m+fp/hard/libg_nano.a(lib_a-errno.o)
 .debug_line    0x0000000000002af6       0xe4 /usr/lib/gcc/arm-none-eabi/10.3.1/../../../arm-none-eabi/lib/thumb/v7e-m+fp/hard/libg_nano.a(lib_a-impure.o)
 .debug_line    0x0000000000002bda      0x1bf /usr/lib/gcc/arm-none-eabi/10.3.1/../../../arm-none-eabi/lib/thumb/v7e-m+fp/hard/libg_nano.a(lib_a-memset.o)
 .debug_line    0x0000000000002d99      0x320 /usr/lib/gcc/arm-none-eabi/10.3.1/../../../arm-none-eabi/lib/thumb/v7e-m+fp/hard/libg_nano.a(lib_a-puts.o)
 .debug_line    0x00000000000030b9      0x37e /usr/lib/gcc/arm-none-eabi/10.3.1/../../../arm-none-eabi/lib/thumb/v7e-m+fp/hard/libg_nano.a(lib_a-snprintf.o)
 .debug_line    0x0000000000003437      0x137 /usr/lib/gcc/arm-none-eabi/10.3.1/../../../arm-none-eabi/lib/thumb/v7e-m+fp/hard/libg_nano.a(lib_a-strcmp.o)
 .debug_line    0x000000000000356e      0x279 /usr/lib/gcc/arm-none-eabi/10.3.1/../../../arm-none-eabi/lib/thumb/v7e-m+fp/hard/libg_nano.a(lib_a-wbuf.o)
 .debug_line    0x00000000000037e7      0x33e /usr/lib/gcc/arm-none-eabi/10.3.1/../../../arm-none-eabi/lib/thumb/v7e-m+fp/hard/libg_nano.a(lib_a-wsetup.o)
 .debug_line    0x0000000000003b25      0x46d /usr/lib/gcc/arm-none-eabi/10.3.1/../../../arm-none-eabi/lib/thumb/v7e-m+fp/hard/libg_nano.a(lib_a-fflush.o)
 .debug_line    0x0000000000003f92      0x589 /usr/lib/gcc/arm-none-eabi/10.3.1/../../../arm-none-eabi/lib/thumb/v7e-m+fp/hard/libg_nano.a(lib_a-findfp.o)
 .debug_line    0x000000000000451b      0x29e /usr/lib/gcc/arm-none-eabi/10.3.1/../../../arm-none-eabi/lib/thumb/v7e-m+fp/hard/libg_nano.a(lib_a-fwalk.o)
 .debug_line    0x00000000000047b9      0x3b2 /usr/lib/gcc/arm-none-eabi/10.3.1/../../../arm-none-eabi/lib/thumb/v7e-m+fp/hard/libg_nano.a(lib_a-makebuf.o)
 .debug_line    0x0000000000004b6b      0x2ca /usr/lib/gcc/arm-none-eabi/10.3.1/../../../arm-none-eabi/lib/thumb/v7e-m+fp/hard/libg_nano.a(lib_a-nano-freer.o)
 .debug_line    0x0000000000004e35      0x2d0 /usr/lib/gcc/arm-none-eabi/10.3.1/../../../arm-none-eabi/lib/thumb/v7e-m+fp/hard/libg_nano.a(lib_a-nano-mallocr.o)
 .debug_line    0x0000000000005105      0x83a /usr/lib/gcc/arm-none-eabi/10.3.1/../../../arm-none-eabi/lib/thumb/v7e-m+fp/hard/libg_nano.a(lib_a-nano-svfprintf.o)
 .debug_line    0x000000000000593f      0x746 /usr/lib/gcc/arm-none-eabi/10.3.1/../../../arm-none-eabi/lib/thumb/v7e-m+fp/hard/libg_nano.a(lib_a-nano-vfprintf_i.o)
 .debug_line    0x0000000000006085      0x183 /usr/lib/gcc/arm-none-eabi/10.3.1/../../../arm-none-eabi/lib/thumb/v7e-m+fp/hard/libg_nano.a(lib_a-sbrkr.o)
 .debug_line    0x0000000000006208      0x231 /usr/lib/gcc/arm-none-eabi/10.3.1/../../../arm-none-eabi/lib/thumb/v7e-m+fp/hard/libg_nano.a(lib_a-stdio.o)
 .debug_line    0x0000000000006439      0x189 /usr/lib/gcc/arm-none-eabi/10.3.1/../../../arm-none-eabi/lib/thumb/v7e-m+fp/hard/libg_nano.a(lib_a-writer.o)
 .debug_line    0x00000000000065c2      0x183 /usr/lib/gcc/arm-none-eabi/10.3.1/../../../arm-none-eabi/lib/thumb/v7e-m+fp/hard/libg_nano.a(lib_a-closer.o)
 .debug_line    0x0000000000006745      0x203 /usr/lib/gcc/arm-none-eabi/10.3.1/../../../arm-none-eabi/lib/thumb/v7e-m+fp/hard/libg_nano.a(lib_a-fstatr.o)
 .debug_line    0x0000000000006948      0x184 /usr/lib/gcc/arm-none-eabi/10.3.1/../../../arm-none-eabi/lib/thumb/v7e-m+fp/hard/libg_nano.a(lib_a-isattyr.o)
 .debug_line    0x0000000000006acc      0x189 /usr/lib/gcc/arm-none-eabi/10.3.1/../../../arm-none-eabi/lib/thumb/v7e-m+fp/hard/libg_nano.a(lib_a-lseekr.o)
 .debug_line    0x0000000000006c55       0xa4 /usr/lib/gcc/arm-none-eabi/10.3.1/../../../arm-none-eabi/lib/thumb/v7e-m+fp/hard/libg_nano.a(lib_a-memchr.o)
 .debug_line    0x0000000000006cf9       0xbe /usr/lib/gcc/arm-none-eabi/10.3.1/../../../arm-none-eabi/lib/thumb/v7e-m+fp/hard/libg_nano.a(lib_a-memcpy.o)
 .debug_line    0x0000000000006db7      0x1ee /usr/lib/gcc/arm-none-eabi/10.3.1/../../../arm-none-eabi/lib/thumb/v7e-m+fp/hard/libg_nano.a(lib_a-memmove.o)
 .debug_line    0x0000000000006fa5      0x13e /usr/lib/gcc/arm-none-eabi/10.3.1/../../../arm-none-eabi/lib/thumb/v7e-m+fp/hard/libg_nano.a(lib_a-mlock.o)
 .debug_line    0x00000000000070e3      0x1c5 /usr/lib/gcc/arm-none-eabi/10.3.1/../../../arm-none-eabi/lib/thumb/v7e-m+fp/hard/libg_nano.a(lib_a-nano-reallocr.o)
 .debug_line    0x00000000000072a8      0x188 /usr/lib/gcc/arm-none-eabi/10.3.1/../../../arm-none-eabi/lib/thumb/v7e-m+fp/hard/libg_nano.a(lib_a-readr.o)
 .debug_line    0x0000000000007430      0x2c7 /usr/lib/gcc/arm-none-eabi/10.3.1/../../../arm-none-eabi/lib/thumb/v7e-m+fp/hard/libg_nano.a(lib_a-reent.o)
 .debug_line    0x00000000000076f7      0x160 /usr/lib/gcc/arm-none-eabi/10.3.1/../../../arm-none-eabi/lib/thumb/v7e-m+fp/hard/libg_nano.a(lib_a-nano-msizer.o)

.debug_str      0x0000000000000000    0x10f1a
 .debug_str     0x0000000000000000       0xf3 /tmp/ccsNpUaN.o
                                        0x195 (size before relaxing)
 .debug_str     0x00000000000000f3       0xc8 /tmp/cc3sdho6.o
                                        0x248 (size before relaxing)
 .debug_str     0x00000000000001bb      0x10b /tmp/ccvJLxc1.o
                                        0x302 (size before relaxing)
 .debug_str     0x00000000000002c6      0x606 /tmp/ccQqRDzl.o
                                        0x751 (size before relaxing)
 .debug_str     0x00000000000008cc       0x16 /tmp/ccL3zm19.o
                                        0x161 (size before relaxing)
 .debug_str     0x00000000000008e2       0x46 /tmp/ccfeoShc.o
                                        0x196 (size before relaxing)
 .debug_str     0x0000000000000928      0x16a /tmp/ccAf0XvI.o
                                        0x323 (size before relaxing)
 .debug_str     0x0000000000000a92     0x601d libopencm3/lib/libopencm3_stm32f4.a(gpio_common_f0234.o)
                                       0x6197 (size before relaxing)
 .debug_str     0x0000000000006aaf     0x41d6 libopencm3/lib/libopencm3_stm32f4.a(rcc_common_all.o)
                                       0x9534 (size before relaxing)
 .debug_str     0x000000000000ac85     0x1542 libopencm3/lib/libopencm3_stm32f4.a(usart_common_all.o)
                                       0xa000 (size before relaxing)
 .debug_str     0x000000000000c1c7       0x2d libopencm3/lib/libopencm3_stm32f4.a(usart_common_f124.o)
                                       0x9d6c (size before relaxing)
 .debug_str     0x000000000000c1f4     0x2d01 libopencm3/lib/libopencm3_stm32f4.a(vector.o)
                                       0x6a3f (size before relaxing)
 .debug_str     0x000000000000eef5      0xc3e libopencm3/lib/libopencm3_stm32f4.a(rcc.o)
                                       0x9da9 (size before relaxing)
 .debug_str     0x000000000000fb33       0x64 libopencm3/lib/libopencm3_stm32f4.a(flash_common_all.o)
                                       0x54e1 (size before relaxing)
 .debug_str     0x000000000000fb97       0x47 libopencm3/lib/libopencm3_stm32f4.a(flash_common_idcache.o)
                                       0x5503 (size before relaxing)
 .debug_str     0x000000000000fbde        0x6 libopencm3/lib/libopencm3_stm32f4.a(pwr.o)
                                       0x515d (size before relaxing)
 .debug_str     0x000000000000fbe4      0x3e5 /usr/lib/gcc/arm-none-eabi/10.3.1/../../../arm-none-eabi/lib/thumb/v7e-m+fp/hard/libg_nano.a(lib_a-errno.o)
                                        0x507 (size before relaxing)
 .debug_str     0x000000000000ffc9       0xf2 /usr/lib/gcc/arm-none-eabi/10.3.1/../../../arm-none-eabi/lib/thumb/v7e-m+fp/hard/libg_nano.a(lib_a-impure.o)
                                        0x55e (size before relaxing)
 .debug_str     0x00000000000100bb       0xaa /usr/lib/gcc/arm-none-eabi/10.3.1/../../../arm-none-eabi/lib/thumb/v7e-m+fp/hard/libg_nano.a(lib_a-memset.o)
                                        0x1c0 (size before relaxing)
 .debug_str     0x0000000000010165       0xd7 /usr/lib/gcc/arm-none-eabi/10.3.1/../../../arm-none-eabi/lib/thumb/v7e-m+fp/hard/libg_nano.a(lib_a-puts.o)
                                        0x593 (size before relaxing)
 .debug_str     0x000000000001023c       0x75 /usr/lib/gcc/arm-none-eabi/10.3.1/../../../arm-none-eabi/lib/thumb/v7e-m+fp/hard/libg_nano.a(lib_a-snprintf.o)
                                        0x55b (size before relaxing)
 .debug_str     0x00000000000102b1       0xb5 /usr/lib/gcc/arm-none-eabi/10.3.1/../../../arm-none-eabi/lib/thumb/v7e-m+fp/hard/libg_nano.a(lib_a-strcmp.o)
 .debug_str     0x0000000000010366       0x43 /usr/lib/gcc/arm-none-eabi/10.3.1/../../../arm-none-eabi/lib/thumb/v7e-m+fp/hard/libg_nano.a(lib_a-wbuf.o)
                                        0x582 (size before relaxing)
 .debug_str     0x00000000000103a9       0x48 /usr/lib/gcc/arm-none-eabi/10.3.1/../../../arm-none-eabi/lib/thumb/v7e-m+fp/hard/libg_nano.a(lib_a-wsetup.o)
                                        0x57d (size before relaxing)
 .debug_str     0x00000000000103f1       0x63 /usr/lib/gcc/arm-none-eabi/10.3.1/../../../arm-none-eabi/lib/thumb/v7e-m+fp/hard/libg_nano.a(lib_a-fflush.o)
                                        0x5be (size before relaxing)
 .debug_str     0x0000000000010454      0x1d4 /usr/lib/gcc/arm-none-eabi/10.3.1/../../../arm-none-eabi/lib/thumb/v7e-m+fp/hard/libg_nano.a(lib_a-findfp.o)
                                        0x737 (size before relaxing)
 .debug_str     0x0000000000010628       0x41 /usr/lib/gcc/arm-none-eabi/10.3.1/../../../arm-none-eabi/lib/thumb/v7e-m+fp/hard/libg_nano.a(lib_a-fwalk.o)
                                        0x524 (size before relaxing)
 .debug_str     0x0000000000010669       0x6c /usr/lib/gcc/arm-none-eabi/10.3.1/../../../arm-none-eabi/lib/thumb/v7e-m+fp/hard/libg_nano.a(lib_a-makebuf.o)
                                        0x6a0 (size before relaxing)
 .debug_str     0x00000000000106d5      0x116 /usr/lib/gcc/arm-none-eabi/10.3.1/../../../arm-none-eabi/lib/thumb/v7e-m+fp/hard/libg_nano.a(lib_a-nano-freer.o)
                                        0x595 (size before relaxing)
 .debug_str     0x00000000000107eb       0x46 /usr/lib/gcc/arm-none-eabi/10.3.1/../../../arm-none-eabi/lib/thumb/v7e-m+fp/hard/libg_nano.a(lib_a-nano-mallocr.o)
                                        0x5c0 (size before relaxing)
 .debug_str     0x0000000000010831      0x28e /usr/lib/gcc/arm-none-eabi/10.3.1/../../../arm-none-eabi/lib/thumb/v7e-m+fp/hard/libg_nano.a(lib_a-nano-svfprintf.o)
                                        0x855 (size before relaxing)
 .debug_str     0x0000000000010abf       0x94 /usr/lib/gcc/arm-none-eabi/10.3.1/../../../arm-none-eabi/lib/thumb/v7e-m+fp/hard/libg_nano.a(lib_a-nano-vfprintf_i.o)
                                        0x7ec (size before relaxing)
 .debug_str     0x0000000000010b53       0x3c /usr/lib/gcc/arm-none-eabi/10.3.1/../../../arm-none-eabi/lib/thumb/v7e-m+fp/hard/libg_nano.a(lib_a-sbrkr.o)
                                        0x516 (size before relaxing)
 .debug_str     0x0000000000010b8f       0x92 /usr/lib/gcc/arm-none-eabi/10.3.1/../../../arm-none-eabi/lib/thumb/v7e-m+fp/hard/libg_nano.a(lib_a-stdio.o)
                                        0x573 (size before relaxing)
 .debug_str     0x0000000000010c21       0x33 /usr/lib/gcc/arm-none-eabi/10.3.1/../../../arm-none-eabi/lib/thumb/v7e-m+fp/hard/libg_nano.a(lib_a-writer.o)
                                        0x513 (size before relaxing)
 .debug_str     0x0000000000010c54       0x33 /usr/lib/gcc/arm-none-eabi/10.3.1/../../../arm-none-eabi/lib/thumb/v7e-m+fp/hard/libg_nano.a(lib_a-closer.o)
                                        0x503 (size before relaxing)
 .debug_str     0x0000000000010c87       0x39 /usr/lib/gcc/arm-none-eabi/10.3.1/../../../arm-none-eabi/lib/thumb/v7e-m+fp/hard/libg_nano.a(lib_a-fstatr.o)